Archive member included to satisfy reference by file (symbol)

/usr/bin/../lib/gcc/arm-none-eabi/7.2.1/thumb/v7e-m/fpv4-sp/hard/libgcc.a(_aeabi_ldivmod.o)
                              build/stm32f4xx_hal_rcc.o (__aeabi_ldivmod)
/usr/bin/../lib/gcc/arm-none-eabi/7.2.1/thumb/v7e-m/fpv4-sp/hard/libgcc.a(_aeabi_uldivmod.o)
                              build/usTimer.o (__aeabi_uldivmod)
/usr/bin/../lib/gcc/arm-none-eabi/7.2.1/thumb/v7e-m/fpv4-sp/hard/libgcc.a(_udivmoddi4.o)
                              /usr/bin/../lib/gcc/arm-none-eabi/7.2.1/thumb/v7e-m/fpv4-sp/hard/libgcc.a(_aeabi_ldivmod.o) (__udivmoddi4)
/usr/bin/../lib/gcc/arm-none-eabi/7.2.1/thumb/v7e-m/fpv4-sp/hard/libgcc.a(_dvmd_tls.o)
                              /usr/bin/../lib/gcc/arm-none-eabi/7.2.1/thumb/v7e-m/fpv4-sp/hard/libgcc.a(_aeabi_ldivmod.o) (__aeabi_ldiv0)
/usr/bin/../lib/gcc/arm-none-eabi/7.2.1/../../../../arm-none-eabi/lib/thumb/v7e-m/fpv4-sp/hard/libg.a(lib_a-exit.o)
                              /usr/bin/../lib/gcc/arm-none-eabi/7.2.1/../../../../arm-none-eabi/lib/thumb/v7e-m/fpv4-sp/hard/crt0.o (exit)
/usr/bin/../lib/gcc/arm-none-eabi/7.2.1/../../../../arm-none-eabi/lib/thumb/v7e-m/fpv4-sp/hard/libg.a(lib_a-impure.o)
                              /usr/bin/../lib/gcc/arm-none-eabi/7.2.1/../../../../arm-none-eabi/lib/thumb/v7e-m/fpv4-sp/hard/libg.a(lib_a-exit.o) (_global_impure_ptr)
/usr/bin/../lib/gcc/arm-none-eabi/7.2.1/../../../../arm-none-eabi/lib/thumb/v7e-m/fpv4-sp/hard/libg.a(lib_a-init.o)
                              /usr/bin/../lib/gcc/arm-none-eabi/7.2.1/../../../../arm-none-eabi/lib/thumb/v7e-m/fpv4-sp/hard/crt0.o (__libc_init_array)
/usr/bin/../lib/gcc/arm-none-eabi/7.2.1/../../../../arm-none-eabi/lib/thumb/v7e-m/fpv4-sp/hard/libg.a(lib_a-memcpy.o)
                              build/queue.o (memcpy)
/usr/bin/../lib/gcc/arm-none-eabi/7.2.1/../../../../arm-none-eabi/lib/thumb/v7e-m/fpv4-sp/hard/libg.a(lib_a-memset.o)
                              /usr/bin/../lib/gcc/arm-none-eabi/7.2.1/../../../../arm-none-eabi/lib/thumb/v7e-m/fpv4-sp/hard/crt0.o (memset)
/usr/bin/../lib/gcc/arm-none-eabi/7.2.1/../../../../arm-none-eabi/lib/thumb/v7e-m/fpv4-sp/hard/libg.a(lib_a-sprintf.o)
                              build/main.o (sprintf)
/usr/bin/../lib/gcc/arm-none-eabi/7.2.1/../../../../arm-none-eabi/lib/thumb/v7e-m/fpv4-sp/hard/libg.a(lib_a-strcpy.o)
                              build/main.o (strcpy)
/usr/bin/../lib/gcc/arm-none-eabi/7.2.1/../../../../arm-none-eabi/lib/thumb/v7e-m/fpv4-sp/hard/libg.a(lib_a-strlen.o)
                              build/main.o (strlen)
/usr/bin/../lib/gcc/arm-none-eabi/7.2.1/../../../../arm-none-eabi/lib/thumb/v7e-m/fpv4-sp/hard/libg.a(lib_a-svfprintf.o)
                              /usr/bin/../lib/gcc/arm-none-eabi/7.2.1/../../../../arm-none-eabi/lib/thumb/v7e-m/fpv4-sp/hard/libg.a(lib_a-sprintf.o) (_svfprintf_r)
/usr/bin/../lib/gcc/arm-none-eabi/7.2.1/../../../../arm-none-eabi/lib/thumb/v7e-m/fpv4-sp/hard/libg.a(lib_a-__call_atexit.o)
                              /usr/bin/../lib/gcc/arm-none-eabi/7.2.1/../../../../arm-none-eabi/lib/thumb/v7e-m/fpv4-sp/hard/libg.a(lib_a-exit.o) (__call_exitprocs)
/usr/bin/../lib/gcc/arm-none-eabi/7.2.1/../../../../arm-none-eabi/lib/thumb/v7e-m/fpv4-sp/hard/libg.a(lib_a-atexit.o)
                              /usr/bin/../lib/gcc/arm-none-eabi/7.2.1/../../../../arm-none-eabi/lib/thumb/v7e-m/fpv4-sp/hard/libg.a(lib_a-__call_atexit.o) (atexit)
/usr/bin/../lib/gcc/arm-none-eabi/7.2.1/../../../../arm-none-eabi/lib/thumb/v7e-m/fpv4-sp/hard/libg.a(lib_a-dtoa.o)
                              /usr/bin/../lib/gcc/arm-none-eabi/7.2.1/../../../../arm-none-eabi/lib/thumb/v7e-m/fpv4-sp/hard/libg.a(lib_a-svfprintf.o) (_dtoa_r)
/usr/bin/../lib/gcc/arm-none-eabi/7.2.1/../../../../arm-none-eabi/lib/thumb/v7e-m/fpv4-sp/hard/libg.a(lib_a-fini.o)
                              /usr/bin/../lib/gcc/arm-none-eabi/7.2.1/../../../../arm-none-eabi/lib/thumb/v7e-m/fpv4-sp/hard/libg.a(lib_a-__call_atexit.o) (__libc_fini_array)
/usr/bin/../lib/gcc/arm-none-eabi/7.2.1/../../../../arm-none-eabi/lib/thumb/v7e-m/fpv4-sp/hard/libg.a(lib_a-localeconv.o)
                              /usr/bin/../lib/gcc/arm-none-eabi/7.2.1/../../../../arm-none-eabi/lib/thumb/v7e-m/fpv4-sp/hard/libg.a(lib_a-svfprintf.o) (_localeconv_r)
/usr/bin/../lib/gcc/arm-none-eabi/7.2.1/../../../../arm-none-eabi/lib/thumb/v7e-m/fpv4-sp/hard/libg.a(lib_a-lock.o)
                              /usr/bin/../lib/gcc/arm-none-eabi/7.2.1/../../../../arm-none-eabi/lib/thumb/v7e-m/fpv4-sp/hard/libg.a(lib_a-__call_atexit.o) (__retarget_lock_acquire_recursive)
/usr/bin/../lib/gcc/arm-none-eabi/7.2.1/../../../../arm-none-eabi/lib/thumb/v7e-m/fpv4-sp/hard/libg.a(lib_a-mallocr.o)
                              /usr/bin/../lib/gcc/arm-none-eabi/7.2.1/../../../../arm-none-eabi/lib/thumb/v7e-m/fpv4-sp/hard/libg.a(lib_a-svfprintf.o) (_malloc_r)
[...]
Memory Configuration

Name             Origin             Length             Attributes
FLASH            0x0000000008000000 0x0000000000080000 xr
RAM              0x0000000020000000 0x0000000000020000 xrw
*default*        0x0000000000000000 0xffffffffffffffff

Linker script and memory map

LOAD /usr/bin/../lib/gcc/arm-none-eabi/7.2.1/thumb/v7e-m/fpv4-sp/hard/crti.o
LOAD /usr/bin/../lib/gcc/arm-none-eabi/7.2.1/thumb/v7e-m/fpv4-sp/hard/crtbegin.o
LOAD /usr/bin/../lib/gcc/arm-none-eabi/7.2.1/../../../../arm-none-eabi/lib/thumb/v7e-m/fpv4-sp/hard/crt0.o
LOAD build/main.o
LOAD build/stm32f4xx_it.o
LOAD build/gpio.o
LOAD build/uart.o
LOAD build/encoders.o
LOAD build/usTimer.o
LOAD build/stm32f4xx_hal.o
LOAD build/stm32f4xx_hal_rcc.o
LOAD build/stm32f4xx_hal_rcc_ex.o
LOAD build/stm32f4xx_hal_cortex.o
LOAD build/stm32f4xx_hal_pwr.o
LOAD build/stm32f4xx_hal_pwr_ex.o
LOAD build/stm32f4xx_hal_gpio.o
LOAD build/stm32f4xx_hal_dma.o
LOAD build/stm32f4xx_hal_tim.o
LOAD build/stm32f4xx_hal_tim_ex.o
LOAD build/stm32f4xx_hal_uart.o
LOAD build/stm32f4xx_hal_usart.o
LOAD build/system_stm32f4xx.o
LOAD build/startup_stm32f446xx.o
LOAD build/list.o
LOAD build/tasks.o
LOAD build/queue.o
LOAD build/timers.o
LOAD build/heap_4.o
LOAD build/port.o
LOAD build/freeRtosUtils.o
START GROUP
LOAD /usr/bin/../lib/gcc/arm-none-eabi/7.2.1/thumb/v7e-m/fpv4-sp/hard/libgcc.a
LOAD /usr/bin/../lib/gcc/arm-none-eabi/7.2.1/../../../../arm-none-eabi/lib/thumb/v7e-m/fpv4-sp/hard/libg.a
LOAD /usr/bin/../lib/gcc/arm-none-eabi/7.2.1/../../../../arm-none-eabi/lib/thumb/v7e-m/fpv4-sp/hard/libc.a
END GROUP
START GROUP
LOAD /usr/bin/../lib/gcc/arm-none-eabi/7.2.1/thumb/v7e-m/fpv4-sp/hard/libgcc.a
LOAD /usr/bin/../lib/gcc/arm-none-eabi/7.2.1/../../../../arm-none-eabi/lib/thumb/v7e-m/fpv4-sp/hard/libc.a
LOAD /usr/bin/../lib/gcc/arm-none-eabi/7.2.1/../../../../arm-none-eabi/lib/thumb/v7e-m/fpv4-sp/hard/libnosys.a
END GROUP
LOAD /usr/bin/../lib/gcc/arm-none-eabi/7.2.1/thumb/v7e-m/fpv4-sp/hard/crtend.o
LOAD /usr/bin/../lib/gcc/arm-none-eabi/7.2.1/thumb/v7e-m/fpv4-sp/hard/crtn.o
                0x0000000020020000                _estack = 0x20020000
                0x0000000000000200                _Min_Heap_Size = 0x200
                0x0000000000000400                _Min_Stack_Size = 0x400

.isr_vector     0x0000000008000000      0x1c4
                0x0000000008000000                . = ALIGN (0x4)
 *(.isr_vector)
 .isr_vector    0x0000000008000000      0x1c4 build/startup_stm32f446xx.o
                0x0000000008000000                g_pfnVectors
                0x00000000080001c4                . = ALIGN (0x4)

.text           0x0000000008000200     0xda44
                0x0000000008000200                . = ALIGN (0x4)
 *(.text)
 .text          0x0000000008000200       0x40 /usr/bin/../lib/gcc/arm-none-eabi/7.2.1/thumb/v7e-m/fpv4-sp/hard/crtbegin.o
 .text          0x0000000008000240      0x1e0 build/main.o
                0x0000000008000240                Error_Handler
                0x000000000800026c                SystemClock_Config
                0x00000000080002fc                print_msg
                0x0000000008000324                myTask
                0x00000000080003a0                myTask2
 .text          0x0000000008000420       0x2a build/stm32f4xx_it.o
                0x0000000008000420                NMI_Handler
                0x0000000008000422                HardFault_Handler
                0x0000000008000424                MemManage_Handler
                0x0000000008000426                BusFault_Handler
                0x0000000008000428                UsageFault_Handler
                0x000000000800042c                DebugMon_Handler
                0x0000000008000430                SysTick_Handler
                0x0000000008000446                EXTI9_5_IRQHandler
                0x0000000008000448                EXTI15_10_IRQHandler
 *fill*         0x000000000800044a        0x2 
 .text          0x000000000800044c      0x21c build/gpio.o
                0x000000000800044c                init_gpios
 .text          0x0000000008000668      0x344 build/uart.o
                0x0000000008000668                uart1_init
                0x00000000080006d0                uart1_deInit
                0x0000000008000708                uart1_write
                0x000000000800071c                uart1_write_it
                0x0000000008000744                uart1_read
                0x0000000008000758                uart1_send_data
                0x0000000008000774                uart1_enque_data
                0x00000000080007a0                uart1_task
                0x00000000080007ec                uart2_init
                0x0000000008000854                uart2_deInit
                0x0000000008000888                uart2_write
                0x000000000800089c                uart2_write_it
                0x00000000080008c4                uart2_read
                0x00000000080008d8                uart2_read_it
                0x00000000080008ec                uart2_send_data
                0x0000000008000908                HAL_UART_TxCpltCallback
                0x0000000008000934                uart2_enque_data
                0x0000000008000960                uart2_task
 .text          0x00000000080009ac      0x464 build/encoders.o
                0x00000000080009ac                init_encoders
                0x0000000008000ab8                enc1_get_direction
                0x0000000008000ac8                enc2_get_direction
                0x0000000008000ad8                enc1_get_counts
                0x0000000008000b04                enc2_get_counts
                0x0000000008000b30                enc1_get_rpm
                0x0000000008000b74                enc2_get_rpm
                0x0000000008000bb8                enc1_get_cts_and_rpm
                0x0000000008000c04                enc2_get_cts_and_rpm
                0x0000000008000c50                enc_get_cts_and_rpm
                0x0000000008000ccc                enc_test_task
                0x0000000008000d8c                encoder_task
                0x0000000008000df4                encoder_read_data
 .text          0x0000000008000e10      0x1a4 build/usTimer.o
                0x0000000008000e10                init_us_timer
                0x0000000008000eb0                get_us_time
                0x0000000008000ed8                delay_us
                0x0000000008000efa                reset_us_timer
                0x0000000008000f14                suspend_us_timer
                0x0000000008000f28                resume_us_timer
                0x0000000008000f3c                test_us_timer
                0x0000000008000f94                TIM6_DAC_IRQHandler
 .text          0x0000000008000fb4      0x1a4 build/stm32f4xx_hal.o
                0x0000000008000fb4                HAL_MspInit
                0x0000000008000fb6                HAL_MspDeInit
                0x0000000008000fb8                HAL_DeInit
                0x0000000008000fe4                HAL_InitTick
                0x000000000800100c                HAL_Init
                0x0000000008001040                HAL_IncTick
                0x0000000008001050                HAL_GetTick
                0x000000000800105c                HAL_Delay
                0x000000000800107c                HAL_SuspendTick
                0x000000000800108c                HAL_ResumeTick
                0x000000000800109c                HAL_GetHalVersion
                0x00000000080010a4                HAL_GetREVID
                0x00000000080010b0                HAL_GetDEVID
                0x00000000080010c0                HAL_DBGMCU_EnableDBGSleepMode
                0x00000000080010d0                HAL_DBGMCU_DisableDBGSleepMode
                0x00000000080010e0                HAL_DBGMCU_EnableDBGStopMode
                0x00000000080010f0                HAL_DBGMCU_DisableDBGStopMode
                0x0000000008001100                HAL_DBGMCU_EnableDBGStandbyMode
                0x0000000008001110                HAL_DBGMCU_DisableDBGStandbyMode
                0x0000000008001120                HAL_EnableCompensationCell
                0x000000000800112c                HAL_DisableCompensationCell
                0x0000000008001138                HAL_GetUID
 .text          0x0000000008001158      0x66c build/stm32f4xx_hal_rcc.o
                0x0000000008001448                HAL_RCC_MCOConfig
                0x00000000080014dc                HAL_RCC_EnableCSS
                0x00000000080014e8                HAL_RCC_DisableCSS
                0x0000000008001550                HAL_RCC_ClockConfig
                0x0000000008001680                HAL_RCC_GetHCLKFreq
                0x000000000800168c                HAL_RCC_GetPCLK1Freq
                0x00000000080016ac                HAL_RCC_GetPCLK2Freq
                0x0000000008001768                HAL_RCC_GetClockConfig
                0x00000000080017a4                HAL_RCC_CSSCallback
                0x00000000080017a6                HAL_RCC_NMI_IRQHandler
 .text          0x00000000080017c4      0xc30 build/stm32f4xx_hal_rcc_ex.o
                0x00000000080017c4                HAL_RCCEx_PeriphCLKConfig
                0x0000000008001bd4                HAL_RCCEx_GetPeriphCLKConfig
                0x0000000008001cd4                HAL_RCCEx_GetPeriphCLKFreq
                0x0000000008001e78                HAL_RCCEx_SelectLSEMode
                0x0000000008001e90                HAL_RCC_GetSysClockFreq
                0x0000000008001f20                HAL_RCC_DeInit
                0x0000000008002034                HAL_RCC_OscConfig
                0x0000000008002350                HAL_RCC_GetOscConfig
 .text          0x00000000080023f4      0x2a4 build/stm32f4xx_hal_cortex.o
                0x00000000080023f4                HAL_NVIC_SetPriorityGrouping
                0x0000000008002418                HAL_NVIC_SetPriority
                0x0000000008002480                HAL_NVIC_EnableIRQ
                0x0000000008002498                HAL_NVIC_DisableIRQ
                0x00000000080024b4                HAL_NVIC_SystemReset
                0x00000000080024d8                HAL_SYSTICK_Config
                0x0000000008002504                HAL_MPU_Disable
                0x0000000008002524                HAL_MPU_Enable
                0x0000000008002548                HAL_MPU_ConfigRegion
                0x0000000008002598                HAL_NVIC_GetPriorityGrouping
                0x00000000080025a8                HAL_NVIC_GetPriority
                0x0000000008002604                HAL_NVIC_SetPendingIRQ
                0x0000000008002620                HAL_NVIC_GetPendingIRQ
                0x000000000800263c                HAL_NVIC_ClearPendingIRQ
                0x0000000008002658                HAL_NVIC_GetActive
                0x0000000008002674                HAL_SYSTICK_CLKSourceConfig
                0x000000000800268c                HAL_SYSTICK_Callback
                0x000000000800268e                HAL_SYSTICK_IRQHandler
 .text          0x0000000008002698      0x294 build/stm32f4xx_hal_pwr_ex.o
                0x0000000008002698                HAL_PWREx_EnableBkUpReg
                0x00000000080026cc                HAL_PWREx_DisableBkUpReg
                0x0000000008002700                HAL_PWREx_EnableFlashPowerDown
                0x000000000800270c                HAL_PWREx_DisableFlashPowerDown
                0x0000000008002718                HAL_PWREx_GetVoltageRange
                0x0000000008002728                HAL_PWREx_ControlVoltageScaling
                0x00000000080027d8                HAL_PWREx_EnableOverDrive
                0x0000000008002850                HAL_PWREx_DisableOverDrive
                0x00000000080028c4                HAL_PWREx_EnterUnderDriveSTOPMode
 .text          0x000000000800292c      0x33c build/stm32f4xx_hal_gpio.o
                0x000000000800292c                HAL_GPIO_Init
                0x0000000008002ae0                HAL_GPIO_DeInit
                0x0000000008002c08                HAL_GPIO_ReadPin
                0x0000000008002c14                HAL_GPIO_WritePin
                0x0000000008002c1e                HAL_GPIO_TogglePin
                0x0000000008002c26                HAL_GPIO_LockPin
                0x0000000008002c50                HAL_GPIO_EXTI_Callback
                0x0000000008002c52                HAL_GPIO_EXTI_IRQHandler
 .text          0x0000000008002c68      0x628 build/stm32f4xx_hal_dma.o
                0x0000000008002c94                HAL_DMA_Init
                0x0000000008002d90                HAL_DMA_DeInit
                0x0000000008002dd8                HAL_DMA_Start
                0x0000000008002e2c                HAL_DMA_Start_IT
                0x0000000008002ea8                HAL_DMA_Abort
                0x0000000008002f2e                HAL_DMA_Abort_IT
                0x0000000008002f52                HAL_DMA_PollForTransfer
                0x000000000800305e                HAL_DMA_IRQHandler
                0x00000000080031d8                HAL_DMA_RegisterCallback
                0x0000000008003228                HAL_DMA_UnRegisterCallback
                0x0000000008003284                HAL_DMA_GetState
                0x000000000800328a                HAL_DMA_GetError
 .text          0x0000000008003290     0x1bd0 build/stm32f4xx_hal_tim.o
                0x000000000800343a                HAL_TIM_Base_MspInit
                0x000000000800343c                HAL_TIM_Base_MspDeInit
                0x000000000800343e                HAL_TIM_Base_DeInit
                0x0000000008003478                HAL_TIM_Base_Start
                0x0000000008003492                HAL_TIM_Base_Stop
                0x00000000080034c0                HAL_TIM_Base_Start_IT
                0x00000000080034d6                HAL_TIM_Base_Stop_IT
                0x0000000008003500                HAL_TIM_Base_Start_DMA
                0x0000000008003554                HAL_TIM_Base_Stop_DMA
                0x0000000008003584                HAL_TIM_OC_MspInit
                0x0000000008003586                HAL_TIM_OC_MspDeInit
                0x0000000008003588                HAL_TIM_OC_DeInit
                0x00000000080035c2                HAL_TIM_PWM_MspInit
                0x00000000080035c4                HAL_TIM_PWM_MspDeInit
                0x00000000080035c6                HAL_TIM_PWM_DeInit
                0x0000000008003600                HAL_TIM_IC_MspInit
                0x0000000008003602                HAL_TIM_IC_MspDeInit
                0x0000000008003604                HAL_TIM_IC_DeInit
                0x000000000800363e                HAL_TIM_OnePulse_MspInit
                0x0000000008003640                HAL_TIM_OnePulse_MspDeInit
                0x0000000008003642                HAL_TIM_OnePulse_DeInit
                0x000000000800367c                HAL_TIM_OnePulse_Start
                0x00000000080036bc                HAL_TIM_OnePulse_Stop
                0x0000000008003724                HAL_TIM_OnePulse_Start_IT
                0x0000000008003774                HAL_TIM_OnePulse_Stop_IT
                0x00000000080037ec                HAL_TIM_Encoder_MspInit
                0x00000000080037ee                HAL_TIM_Encoder_MspDeInit
                0x00000000080037f0                HAL_TIM_Encoder_DeInit
                0x000000000800382a                HAL_TIM_Encoder_Start
                0x000000000800386e                HAL_TIM_Encoder_Stop
                0x00000000080038b6                HAL_TIM_Encoder_Start_IT
                0x0000000008003924                HAL_TIM_Encoder_Stop_IT
                0x0000000008003998                HAL_TIM_Encoder_Start_DMA
                0x0000000008003ab8                HAL_TIM_Encoder_Stop_DMA
                0x0000000008003b2c                HAL_TIM_DMABurst_WriteStart
                0x0000000008003be0                HAL_TIM_DMABurst_WriteStop
                0x0000000008003c3e                HAL_TIM_DMABurst_ReadStart
                0x0000000008003cf4                HAL_TIM_DMABurst_ReadStop
                0x0000000008003cf8                HAL_TIM_GenerateEvent
                0x0000000008003d1c                HAL_TIM_ConfigOCrefClear
                0x0000000008003dd2                HAL_TIM_ConfigClockSource
                0x0000000008003f44                HAL_TIM_ConfigTI1Input
                0x0000000008003f54                HAL_TIM_SlaveConfigSynchronization
                0x0000000008003f94                HAL_TIM_SlaveConfigSynchronization_IT
                0x0000000008003fd4                HAL_TIM_ReadCapturedValue
                0x000000000800401a                HAL_TIM_PeriodElapsedCallback
                0x000000000800402c                HAL_TIM_OC_DelayElapsedCallback
                0x000000000800402e                HAL_TIM_IC_CaptureCallback
                0x0000000008004030                TIM_DMACaptureCplt
                0x000000000800406c                HAL_TIM_PWM_PulseFinishedCallback
                0x000000000800406e                TIM_DMADelayPulseCplt
                0x00000000080040aa                HAL_TIM_TriggerCallback
                0x00000000080040ac                HAL_TIM_IRQHandler
                0x0000000008004200                HAL_TIM_ErrorCallback
                0x0000000008004202                TIM_DMAError
                0x0000000008004212                HAL_TIM_Base_GetState
                0x0000000008004218                HAL_TIM_OC_GetState
                0x000000000800421e                HAL_TIM_PWM_GetState
                0x0000000008004224                HAL_TIM_IC_GetState
                0x000000000800422a                HAL_TIM_OnePulse_GetState
                0x0000000008004230                HAL_TIM_Encoder_GetState
                0x0000000008004236                TIM_Base_SetConfig
                0x00000000080042f8                HAL_TIM_Base_Init
                0x000000000800432c                HAL_TIM_OC_Init
                0x0000000008004360                HAL_TIM_PWM_Init
                0x0000000008004394                HAL_TIM_IC_Init
                0x00000000080043c8                HAL_TIM_OnePulse_Init
                0x000000000800440e                HAL_TIM_Encoder_Init
                0x00000000080044a0                TIM_TI1_SetConfig
                0x0000000008004514                HAL_TIM_IC_ConfigChannel
                0x0000000008004620                TIM_OC2_SetConfig
                0x0000000008004680                HAL_TIM_OC_ConfigChannel
                0x00000000080046dc                HAL_TIM_PWM_ConfigChannel
                0x00000000080047a0                HAL_TIM_OnePulse_ConfigChannel
                0x0000000008004896                TIM_CCxChannelCmd
                0x00000000080048ae                HAL_TIM_OC_Start
                0x00000000080048e4                HAL_TIM_PWM_Start
                0x00000000080048e8                HAL_TIM_OC_Stop
                0x0000000008004944                HAL_TIM_OC_Start_IT
                0x00000000080049b0                HAL_TIM_PWM_Start_IT
                0x00000000080049b4                HAL_TIM_OC_Stop_IT
                0x0000000008004a48                HAL_TIM_PWM_Stop_IT
                0x0000000008004a4c                HAL_TIM_OC_Start_DMA
                0x0000000008004b30                HAL_TIM_PWM_Start_DMA
                0x0000000008004b34                HAL_TIM_OC_Stop_DMA
                0x0000000008004bcc                HAL_TIM_PWM_Stop_DMA
                0x0000000008004bd0                HAL_TIM_PWM_Stop
                0x0000000008004c34                HAL_TIM_IC_Start
                0x0000000008004c4e                HAL_TIM_IC_Stop
                0x0000000008004c7c                HAL_TIM_IC_Start_IT
                0x0000000008004ccc                HAL_TIM_IC_Stop_IT
                0x0000000008004d30                HAL_TIM_IC_Start_DMA
                0x0000000008004df4                HAL_TIM_IC_Stop_DMA
 .text          0x0000000008004e60      0x774 build/stm32f4xx_hal_tim_ex.o
                0x0000000008004e78                HAL_TIMEx_HallSensor_MspInit
                0x0000000008004e7a                HAL_TIMEx_HallSensor_Init
                0x0000000008004f1a                HAL_TIMEx_HallSensor_MspDeInit
                0x0000000008004f1c                HAL_TIMEx_HallSensor_DeInit
                0x0000000008004f56                HAL_TIMEx_HallSensor_Start
                0x0000000008004f72                HAL_TIMEx_HallSensor_Stop
                0x0000000008004fa2                HAL_TIMEx_HallSensor_Start_IT
                0x0000000008004fc6                HAL_TIMEx_HallSensor_Stop_IT
                0x0000000008004ffe                HAL_TIMEx_HallSensor_Start_DMA
                0x0000000008005064                HAL_TIMEx_HallSensor_Stop_DMA
                0x000000000800509c                HAL_TIMEx_OCN_Start
                0x00000000080050be                HAL_TIMEx_OCN_Stop
                0x0000000008005108                HAL_TIMEx_OCN_Start_IT
                0x0000000008005168                HAL_TIMEx_OCN_Stop_IT
                0x00000000080051fa                HAL_TIMEx_OCN_Start_DMA
                0x00000000080052c8                HAL_TIMEx_OCN_Stop_DMA
                0x000000000800534e                HAL_TIMEx_PWMN_Start
                0x0000000008005352                HAL_TIMEx_PWMN_Stop
                0x0000000008005356                HAL_TIMEx_PWMN_Start_IT
                0x000000000800535a                HAL_TIMEx_PWMN_Stop_IT
                0x000000000800535e                HAL_TIMEx_PWMN_Start_DMA
                0x0000000008005362                HAL_TIMEx_PWMN_Stop_DMA
                0x0000000008005366                HAL_TIMEx_OnePulseN_Start
                0x0000000008005380                HAL_TIMEx_OnePulseN_Stop
                0x0000000008005384                HAL_TIMEx_OnePulseN_Start_IT
                0x00000000080053ae                HAL_TIMEx_OnePulseN_Stop_IT
                0x0000000008005408                HAL_TIMEx_ConfigCommutationEvent
                0x0000000008005452                HAL_TIMEx_ConfigCommutationEvent_IT
                0x00000000080054a4                HAL_TIMEx_ConfigCommutationEvent_DMA
                0x0000000008005508                HAL_TIMEx_MasterConfigSynchronization
                0x000000000800554c                HAL_TIMEx_ConfigBreakDeadTime
                0x0000000008005598                HAL_TIMEx_RemapConfig
                0x00000000080055b8                HAL_TIMEx_CommutationCallback
                0x00000000080055ba                TIMEx_DMACommutationCplt
                0x00000000080055ca                HAL_TIMEx_BreakCallback
                0x00000000080055cc                HAL_TIMEx_HallSensor_GetState
 .text          0x00000000080055d4      0xea8 build/stm32f4xx_hal_uart.o
                0x0000000008005870                HAL_UART_MspInit
                0x0000000008005872                HAL_UART_Init
                0x00000000080058ce                HAL_HalfDuplex_Init
                0x0000000008005932                HAL_LIN_Init
                0x00000000080059a8                HAL_MultiProcessor_Init
                0x0000000008005a26                HAL_UART_MspDeInit
                0x0000000008005a28                HAL_UART_DeInit
                0x0000000008005a4e                HAL_UART_Transmit
                0x0000000008005b02                HAL_UART_Receive
                0x0000000008005bc2                HAL_UART_Transmit_IT
                0x0000000008005c00                HAL_UART_Receive_IT
                0x0000000008005c46                HAL_UART_Transmit_DMA
                0x0000000008005cbc                HAL_UART_Receive_DMA
                0x0000000008005d4c                HAL_UART_DMAPause
                0x0000000008005da6                HAL_UART_DMAResume
                0x0000000008005e08                HAL_UART_DMAStop
                0x0000000008005e66                HAL_UART_Abort
                0x0000000008005ec6                HAL_UART_AbortTransmit
                0x0000000008005efa                HAL_UART_AbortReceive
                0x0000000008005f64                HAL_UART_TxHalfCpltCallback
                0x0000000008005f70                HAL_UART_RxCpltCallback
                0x0000000008006018                HAL_UART_RxHalfCpltCallback
                0x0000000008006024                HAL_UART_ErrorCallback
                0x0000000008006074                HAL_UART_IRQHandler
                0x00000000080061c0                HAL_UART_AbortCpltCallback
                0x00000000080061c2                HAL_UART_Abort_IT
                0x00000000080062b8                HAL_UART_AbortTransmitCpltCallback
                0x00000000080062ba                HAL_UART_AbortTransmit_IT
                0x000000000800631c                HAL_UART_AbortReceiveCpltCallback
                0x000000000800631e                HAL_UART_AbortReceive_IT
                0x0000000008006388                HAL_LIN_SendBreak
                0x00000000080063b4                HAL_MultiProcessor_EnterMuteMode
                0x00000000080063e0                HAL_MultiProcessor_ExitMuteMode
                0x000000000800640c                HAL_HalfDuplex_EnableTransmitter
                0x000000000800643c                HAL_HalfDuplex_EnableReceiver
                0x000000000800646c                HAL_UART_GetState
                0x0000000008006478                HAL_UART_GetError
 .text          0x000000000800647c       0xc0 build/system_stm32f4xx.o
                0x000000000800647c                SystemInit
                0x00000000080064c8                SystemCoreClockUpdate
 .text          0x000000000800653c       0x84 build/list.o
                0x000000000800653c                vListInitialise
                0x0000000008006552                vListInitialiseItem
                0x0000000008006558                vListInsertEnd
                0x0000000008006570                vListInsert
                0x000000000800659e                uxListRemove
 .text          0x00000000080065c0     0x14b0 build/tasks.o
                0x00000000080066d4                xTaskCreate
                0x0000000008006864                vTaskDelete
                0x000000000800691c                eTaskGetState
                0x0000000008006984                uxTaskPriorityGet
                0x00000000080069a0                uxTaskPriorityGetFromISR
                0x00000000080069d0                vTaskPrioritySet
                0x0000000008006aa0                vTaskResume
                0x0000000008006b1c                xTaskResumeFromISR
                0x0000000008006bb4                vTaskStartScheduler
                0x0000000008006c28                vTaskEndScheduler
                0x0000000008006c48                vTaskSuspendAll
                0x0000000008006c5c                xTaskGetTickCount
                0x0000000008006c68                xTaskGetTickCountFromISR
                0x0000000008006c78                uxTaskGetNumberOfTasks
                0x0000000008006c84                pcTaskGetName
                0x0000000008006ca8                xTaskIncrementTick
                0x0000000008006da0                xTaskResumeAll
                0x0000000008006e74                vTaskDelayUntil
                0x0000000008006f00                vTaskDelay
                0x0000000008006f4c                vTaskSwitchContext
                0x0000000008006fe4                vTaskSuspend
                0x00000000080070a0                vTaskPlaceOnEventList
                0x00000000080070d4                vTaskPlaceOnUnorderedEventList
                0x0000000008007128                vTaskPlaceOnEventListRestricted
                0x0000000008007164                xTaskRemoveFromEventList
                0x00000000080071d4                vTaskRemoveFromUnorderedEventList
                0x000000000800724c                vTaskSetTimeOutState
                0x0000000008007280                vTaskInternalSetTimeOutState
                0x0000000008007294                xTaskCheckForTimeOut
                0x0000000008007308                vTaskMissedYield
                0x0000000008007318                uxTaskGetTaskNumber
                0x000000000800731e                vTaskSetTaskNumber
                0x0000000008007324                vTaskGetInfo
                0x00000000080073fa                uxTaskGetSystemState
                0x000000000800748c                xTaskGetCurrentTaskHandle
                0x0000000008007498                xTaskGetSchedulerState
                0x00000000080074b8                xTaskPriorityInherit
                0x0000000008007558                xTaskPriorityDisinherit
                0x00000000080075f4                vTaskPriorityDisinheritAfterTimeout
                0x00000000080076ac                uxTaskResetEventItemValue
                0x00000000080076c4                pvTaskIncrementMutexHeldCount
                0x00000000080076dc                ulTaskNotifyTake
                0x0000000008007740                xTaskNotifyWait
                0x00000000080077cc                xTaskGenericNotify
                0x0000000008007894                xTaskGenericNotifyFromISR
                0x000000000800798c                vTaskNotifyGiveFromISR
                0x0000000008007a44                xTaskNotifyStateClear
 .text          0x0000000008007a70      0xc2c build/queue.o
                0x0000000008007b86                xQueueGenericReset
                0x0000000008007c04                xQueueGenericCreate
                0x0000000008007c4c                xQueueCreateCountingSemaphore
                0x0000000008007c88                xQueueGenericSend
                0x0000000008007dec                xQueueCreateMutex
                0x0000000008007e10                xQueueGiveMutexRecursive
                0x0000000008007e4c                xQueueGenericSendFromISR
                0x0000000008007f0e                xQueueGiveFromISR
                0x0000000008007fb6                xQueueReceive
                0x00000000080080f4                xQueueSemaphoreTake
                0x0000000008008278                xQueueTakeMutexRecursive
                0x00000000080082ba                xQueuePeek
                0x00000000080083f8                xQueueReceiveFromISR
                0x0000000008008496                xQueuePeekFromISR
                0x000000000800850c                uxQueueMessagesWaiting
                0x0000000008008532                uxQueueSpacesAvailable
                0x000000000800855c                uxQueueMessagesWaitingFromISR
                0x0000000008008574                uxQueueGetQueueNumber
                0x0000000008008578                vQueueSetQueueNumber
                0x000000000800857c                ucQueueGetQueueType
                0x0000000008008582                xQueueIsQueueEmptyFromISR
                0x00000000080085a0                xQueueIsQueueFullFromISR
                0x00000000080085c0                vQueueAddToRegistry
                0x00000000080085e4                pcQueueGetName
                0x0000000008008608                vQueueUnregisterQueue
                0x0000000008008630                vQueueDelete
                0x0000000008008656                vQueueWaitForMessageRestricted
 .text          0x000000000800869c      0x468 build/timers.o
                0x000000000800871c                xTimerCreateTimerTask
                0x0000000008008768                xTimerCreate
                0x00000000080087b0                xTimerGenericCommand
                0x0000000008008a18                xTimerGetTimerDaemonTaskHandle
                0x0000000008008a38                xTimerGetPeriod
                0x0000000008008a50                xTimerGetExpiryTime
                0x0000000008008a68                pcTimerGetName
                0x0000000008008a80                xTimerIsTimerActive
                0x0000000008008aac                pvTimerGetTimerID
                0x0000000008008ad2                vTimerSetTimerID
                0x0000000008008afa                uxTimerGetTimerNumber
                0x0000000008008afe                vTimerSetTimerNumber
 .text          0x0000000008008b04      0x190 build/heap_4.o
                0x0000000008008b04                pvPortMalloc
                0x0000000008008c10                vPortFree
                0x0000000008008c78                xPortGetFreeHeapSize
                0x0000000008008c84                xPortGetMinimumEverFreeHeapSize
                0x0000000008008c90                vPortInitialiseBlocks
 *fill*         0x0000000008008c94        0xc 
 .text          0x0000000008008ca0      0x33c build/port.o
                0x0000000008008ce0                pxPortInitialiseStack
                0x0000000008008d0c                SVC_Handler
                0x0000000008008d34                vPortEndScheduler
                0x0000000008008d58                vPortEnterCritical
                0x0000000008008d9c                vPortExitCritical
                0x0000000008008dc4                PendSV_Handler
                0x0000000008008e24                xPortSysTickHandler
                0x0000000008008e50                vPortSetupTimerInterrupt
                0x0000000008008e84                xPortStartScheduler
                0x0000000008008f88                vPortValidateInterruptPriority
 .text          0x0000000008008fdc       0x28 build/freeRtosUtils.o
                0x0000000008008fdc                vApplicationIdleHook
                0x0000000008008fde                vApplicationTickHook
                0x0000000008008fe0                vApplicationStackOverflowHook
                0x0000000008008ff2                vApplicationMallocFailedHook
 .text          0x0000000008009004       0x30 /usr/bin/../lib/gcc/arm-none-eabi/7.2.1/thumb/v7e-m/fpv4-sp/hard/libgcc.a(_aeabi_uldivmod.o)
                0x0000000008009004                __aeabi_uldivmod
 .text          0x0000000008009034      0x2cc /usr/bin/../lib/gcc/arm-none-eabi/7.2.1/thumb/v7e-m/fpv4-sp/hard/libgcc.a(_udivmoddi4.o)
                0x0000000008009034                __udivmoddi4
 .text          0x0000000008009300        0x4 /usr/bin/../lib/gcc/arm-none-eabi/7.2.1/thumb/v7e-m/fpv4-sp/hard/libgcc.a(_dvmd_tls.o)
                0x0000000008009300                __aeabi_ldiv0
                0x0000000008009300                __aeabi_idiv0
 .text          0x0000000008009304      0x134 /usr/bin/../lib/gcc/arm-none-eabi/7.2.1/../../../../arm-none-eabi/lib/thumb/v7e-m/fpv4-sp/hard/libg.a(lib_a-memcpy.o)
                0x0000000008009304                memcpy
 *fill*         0x0000000008009438        0x8 
 .text          0x0000000008009440       0xdc /usr/bin/../lib/gcc/arm-none-eabi/7.2.1/../../../../arm-none-eabi/lib/thumb/v7e-m/fpv4-sp/hard/libg.a(lib_a-strlen.o)
                0x0000000008009440                strlen
 *fill*         0x000000000800951c        0x4 
 .text          0x0000000008009520       0xa0 /usr/bin/../lib/gcc/arm-none-eabi/7.2.1/../../../../arm-none-eabi/lib/thumb/v7e-m/fpv4-sp/hard/libg.a(lib_a-memchr.o)
                0x0000000008009520                memchr
 .text          0x00000000080095c0      0x378 /usr/bin/../lib/gcc/arm-none-eabi/7.2.1/thumb/v7e-m/fpv4-sp/hard/libgcc.a(_arm_addsubdf3.o)
                0x00000000080095c0                __aeabi_drsub
                0x00000000080095c8                __aeabi_dsub
                0x00000000080095c8                __subdf3
                0x00000000080095cc                __adddf3
                0x00000000080095cc                __aeabi_dadd
                0x0000000008009844                __aeabi_ui2d
                0x0000000008009844                __floatunsidf
                0x0000000008009864                __floatsidf
                0x0000000008009864                __aeabi_i2d
                0x0000000008009888                __extendsfdf2
                0x0000000008009888                __aeabi_f2d
                0x00000000080098cc                __aeabi_ul2d
                0x00000000080098cc                __floatundidf
                0x00000000080098dc                __floatdidf
                0x00000000080098dc                __aeabi_l2d
 .text          0x0000000008009938      0x424 /usr/bin/../lib/gcc/arm-none-eabi/7.2.1/thumb/v7e-m/fpv4-sp/hard/libgcc.a(_arm_muldivdf3.o)
                0x0000000008009938                __aeabi_dmul
                0x0000000008009938                __muldf3
                0x0000000008009b8c                __aeabi_ddiv
                0x0000000008009b8c                __divdf3
 .text          0x0000000008009d5c      0x110 /usr/bin/../lib/gcc/arm-none-eabi/7.2.1/thumb/v7e-m/fpv4-sp/hard/libgcc.a(_arm_cmpdf2.o)
                0x0000000008009d5c                __gtdf2
                0x0000000008009d5c                __gedf2
                0x0000000008009d64                __ltdf2
                0x0000000008009d64                __ledf2
                0x0000000008009d6c                __cmpdf2
                0x0000000008009d6c                __eqdf2
                0x0000000008009d6c                __nedf2
                0x0000000008009de8                __aeabi_cdrcmple
                0x0000000008009df8                __aeabi_cdcmple
                0x0000000008009df8                __aeabi_cdcmpeq
                0x0000000008009e08                __aeabi_dcmpeq
                0x0000000008009e1c                __aeabi_dcmplt
                0x0000000008009e30                __aeabi_dcmple
                0x0000000008009e44                __aeabi_dcmpge
                0x0000000008009e58                __aeabi_dcmpgt
 .text          0x0000000008009e6c       0x2c /usr/bin/../lib/gcc/arm-none-eabi/7.2.1/thumb/v7e-m/fpv4-sp/hard/libgcc.a(_arm_unorddf2.o)
                0x0000000008009e6c                __aeabi_dcmpun
                0x0000000008009e6c                __unorddf2
 .text          0x0000000008009e98       0x50 /usr/bin/../lib/gcc/arm-none-eabi/7.2.1/thumb/v7e-m/fpv4-sp/hard/libgcc.a(_arm_fixdfsi.o)
                0x0000000008009e98                __fixdfsi
                0x0000000008009e98                __aeabi_d2iz
 *(.text*)
 .text.startup  0x0000000008009ee8      0x1c4 build/main.o
                0x0000000008009ee8                main
 .text.Reset_Handler
                0x000000000800a0ac       0x50 build/startup_stm32f446xx.o
                0x000000000800a0ac                Reset_Handler
 .text.Default_Handler
                0x000000000800a0fc        0x2 build/startup_stm32f446xx.o
                0x000000000800a0fc                RTC_Alarm_IRQHandler
                0x000000000800a0fc                EXTI2_IRQHandler
                0x000000000800a0fc                TIM8_CC_IRQHandler
                0x000000000800a0fc                SPI4_IRQHandler
                0x000000000800a0fc                TIM1_CC_IRQHandler
                0x000000000800a0fc                DMA2_Stream5_IRQHandler
                0x000000000800a0fc                DMA1_Stream5_IRQHandler
                0x000000000800a0fc                PVD_IRQHandler
                0x000000000800a0fc                SDIO_IRQHandler
                0x000000000800a0fc                TAMP_STAMP_IRQHandler
                0x000000000800a0fc                CAN2_RX1_IRQHandler
                0x000000000800a0fc                EXTI3_IRQHandler
                0x000000000800a0fc                TIM8_TRG_COM_TIM14_IRQHandler
                0x000000000800a0fc                TIM1_UP_TIM10_IRQHandler
                0x000000000800a0fc                TIM8_UP_TIM13_IRQHandler
                0x000000000800a0fc                I2C3_ER_IRQHandler
                0x000000000800a0fc                FMPI2C1_Event_IRQHandler
                0x000000000800a0fc                EXTI0_IRQHandler
                0x000000000800a0fc                I2C2_EV_IRQHandler
                0x000000000800a0fc                DMA1_Stream2_IRQHandler
                0x000000000800a0fc                CAN1_RX0_IRQHandler
                0x000000000800a0fc                FPU_IRQHandler
                0x000000000800a0fc                OTG_HS_WKUP_IRQHandler
                0x000000000800a0fc                CAN2_SCE_IRQHandler
                0x000000000800a0fc                DMA2_Stream2_IRQHandler
                0x000000000800a0fc                SPI1_IRQHandler
                0x000000000800a0fc                TIM1_BRK_TIM9_IRQHandler
                0x000000000800a0fc                DCMI_IRQHandler
                0x000000000800a0fc                CAN2_RX0_IRQHandler
                0x000000000800a0fc                DMA2_Stream3_IRQHandler
                0x000000000800a0fc                SAI2_IRQHandler
                0x000000000800a0fc                USART6_IRQHandler
                0x000000000800a0fc                USART3_IRQHandler
                0x000000000800a0fc                CAN1_RX1_IRQHandler
                0x000000000800a0fc                UART5_IRQHandler
                0x000000000800a0fc                DMA2_Stream0_IRQHandler
                0x000000000800a0fc                TIM4_IRQHandler
                0x000000000800a0fc                QUADSPI_IRQHandler
                0x000000000800a0fc                I2C1_EV_IRQHandler
                0x000000000800a0fc                DMA1_Stream6_IRQHandler
                0x000000000800a0fc                DMA1_Stream1_IRQHandler
                0x000000000800a0fc                UART4_IRQHandler
                0x000000000800a0fc                TIM3_IRQHandler
                0x000000000800a0fc                RCC_IRQHandler
                0x000000000800a0fc                TIM8_BRK_TIM12_IRQHandler
                0x000000000800a0fc                Default_Handler
                0x000000000800a0fc                CEC_IRQHandler
                0x000000000800a0fc                ADC_IRQHandler
                0x000000000800a0fc                DMA1_Stream7_IRQHandler
                0x000000000800a0fc                TIM7_IRQHandler
                0x000000000800a0fc                CAN2_TX_IRQHandler
                0x000000000800a0fc                TIM5_IRQHandler
                0x000000000800a0fc                DMA2_Stream7_IRQHandler
                0x000000000800a0fc                I2C3_EV_IRQHandler
                0x000000000800a0fc                RTC_WKUP_IRQHandler
                0x000000000800a0fc                SPDIF_RX_IRQHandler
                0x000000000800a0fc                SPI2_IRQHandler
                0x000000000800a0fc                OTG_HS_EP1_IN_IRQHandler
                0x000000000800a0fc                DMA1_Stream0_IRQHandler
                0x000000000800a0fc                CAN1_TX_IRQHandler
                0x000000000800a0fc                EXTI4_IRQHandler
                0x000000000800a0fc                OTG_HS_EP1_OUT_IRQHandler
                0x000000000800a0fc                WWDG_IRQHandler
                0x000000000800a0fc                TIM2_IRQHandler
                0x000000000800a0fc                OTG_FS_WKUP_IRQHandler
                0x000000000800a0fc                TIM1_TRG_COM_TIM11_IRQHandler
                0x000000000800a0fc                OTG_HS_IRQHandler
                0x000000000800a0fc                EXTI1_IRQHandler
                0x000000000800a0fc                USART2_IRQHandler
                0x000000000800a0fc                I2C2_ER_IRQHandler
                0x000000000800a0fc                DMA2_Stream1_IRQHandler
                0x000000000800a0fc                CAN1_SCE_IRQHandler
                0x000000000800a0fc                FLASH_IRQHandler
                0x000000000800a0fc                DMA2_Stream4_IRQHandler
                0x000000000800a0fc                USART1_IRQHandler
                0x000000000800a0fc                OTG_FS_IRQHandler
                0x000000000800a0fc                SPI3_IRQHandler
                0x000000000800a0fc                DMA1_Stream4_IRQHandler
                0x000000000800a0fc                I2C1_ER_IRQHandler
                0x000000000800a0fc                FMC_IRQHandler
                0x000000000800a0fc                DMA2_Stream6_IRQHandler
                0x000000000800a0fc                SAI1_IRQHandler
                0x000000000800a0fc                DMA1_Stream3_IRQHandler
                0x000000000800a0fc                FMPI2C1_Error_IRQHandler
 *fill*         0x000000000800a0fe        0x2 
 .text.unlikely
                0x000000000800a100       0x44 build/heap_4.o
 .text.unlikely
                0x000000000800a144       0x38 build/port.o
 .text.__libc_init_array
                0x000000000800a17c       0x48 /usr/bin/../lib/gcc/arm-none-eabi/7.2.1/../../../../arm-none-eabi/lib/thumb/v7e-m/fpv4-sp/hard/libg.a(lib_a-init.o)
                0x000000000800a17c                __libc_init_array
 .text.memset   0x000000000800a1c4       0x94 /usr/bin/../lib/gcc/arm-none-eabi/7.2.1/../../../../arm-none-eabi/lib/thumb/v7e-m/fpv4-sp/hard/libg.a(lib_a-memset.o)
                0x000000000800a1c4                memset
 .text.sprintf  0x000000000800a258       0x44 /usr/bin/../lib/gcc/arm-none-eabi/7.2.1/../../../../arm-none-eabi/lib/thumb/v7e-m/fpv4-sp/hard/libg.a(lib_a-sprintf.o)
                0x000000000800a258                sprintf
 .text.strcpy   0x000000000800a29c       0xbc /usr/bin/../lib/gcc/arm-none-eabi/7.2.1/../../../../arm-none-eabi/lib/thumb/v7e-m/fpv4-sp/hard/libg.a(lib_a-strcpy.o)
                0x000000000800a29c                strcpy
 .text._svfprintf_r
                0x000000000800a358     0x144c /usr/bin/../lib/gcc/arm-none-eabi/7.2.1/../../../../arm-none-eabi/lib/thumb/v7e-m/fpv4-sp/hard/libg.a(lib_a-svfprintf.o)
                0x000000000800a358                _svfprintf_r
 .text.startup.register_fini
                0x000000000800b7a4       0x14 /usr/bin/../lib/gcc/arm-none-eabi/7.2.1/../../../../arm-none-eabi/lib/thumb/v7e-m/fpv4-sp/hard/libg.a(lib_a-__call_atexit.o)
 .text.atexit   0x000000000800b7b8        0xc /usr/bin/../lib/gcc/arm-none-eabi/7.2.1/../../../../arm-none-eabi/lib/thumb/v7e-m/fpv4-sp/hard/libg.a(lib_a-atexit.o)
                0x000000000800b7b8                atexit
 .text.quorem   0x000000000800b7c4      0x124 /usr/bin/../lib/gcc/arm-none-eabi/7.2.1/../../../../arm-none-eabi/lib/thumb/v7e-m/fpv4-sp/hard/libg.a(lib_a-dtoa.o)
 .text._dtoa_r  0x000000000800b8e8      0xe28 /usr/bin/../lib/gcc/arm-none-eabi/7.2.1/../../../../arm-none-eabi/lib/thumb/v7e-m/fpv4-sp/hard/libg.a(lib_a-dtoa.o)
                0x000000000800b8e8                _dtoa_r
 .text.__libc_fini_array
                0x000000000800c710       0x34 /usr/bin/../lib/gcc/arm-none-eabi/7.2.1/../../../../arm-none-eabi/lib/thumb/v7e-m/fpv4-sp/hard/libg.a(lib_a-fini.o)
                0x000000000800c710                __libc_fini_array
 .text._localeconv_r
                0x000000000800c744       0x1c /usr/bin/../lib/gcc/arm-none-eabi/7.2.1/../../../../arm-none-eabi/lib/thumb/v7e-m/fpv4-sp/hard/libg.a(lib_a-localeconv.o)
                0x000000000800c744                _localeconv_r
 .text.__retarget_lock_acquire_recursive
                0x000000000800c760        0x4 /usr/bin/../lib/gcc/arm-none-eabi/7.2.1/../../../../arm-none-eabi/lib/thumb/v7e-m/fpv4-sp/hard/libg.a(lib_a-lock.o)
                0x000000000800c760                __retarget_lock_acquire_recursive
 .text.__retarget_lock_release_recursive
                0x000000000800c764        0x4 /usr/bin/../lib/gcc/arm-none-eabi/7.2.1/../../../../arm-none-eabi/lib/thumb/v7e-m/fpv4-sp/hard/libg.a(lib_a-lock.o)
                0x000000000800c764                __retarget_lock_release_recursive
 .text._malloc_r
                0x000000000800c768      0x548 /usr/bin/../lib/gcc/arm-none-eabi/7.2.1/../../../../arm-none-eabi/lib/thumb/v7e-m/fpv4-sp/hard/libg.a(lib_a-mallocr.o)
                0x000000000800c768                _malloc_r
 .text.__malloc_lock
                0x000000000800ccb0        0xc /usr/bin/../lib/gcc/arm-none-eabi/7.2.1/../../../../arm-none-eabi/lib/thumb/v7e-m/fpv4-sp/hard/libg.a(lib_a-mlock.o)
                0x000000000800ccb0                __malloc_lock
 .text.__malloc_unlock
                0x000000000800ccbc        0xc /usr/bin/../lib/gcc/arm-none-eabi/7.2.1/../../../../arm-none-eabi/lib/thumb/v7e-m/fpv4-sp/hard/libg.a(lib_a-mlock.o)
                0x000000000800ccbc                __malloc_unlock
 .text._Balloc  0x000000000800ccc8       0x4c /usr/bin/../lib/gcc/arm-none-eabi/7.2.1/../../../../arm-none-eabi/lib/thumb/v7e-m/fpv4-sp/hard/libg.a(lib_a-mprec.o)
                0x000000000800ccc8                _Balloc
 .text._Bfree   0x000000000800cd14       0x14 /usr/bin/../lib/gcc/arm-none-eabi/7.2.1/../../../../arm-none-eabi/lib/thumb/v7e-m/fpv4-sp/hard/libg.a(lib_a-mprec.o)
                0x000000000800cd14                _Bfree
 .text.__multadd
                0x000000000800cd28       0x80 /usr/bin/../lib/gcc/arm-none-eabi/7.2.1/../../../../arm-none-eabi/lib/thumb/v7e-m/fpv4-sp/hard/libg.a(lib_a-mprec.o)
                0x000000000800cd28                __multadd
 .text.__hi0bits
                0x000000000800cda8       0x40 /usr/bin/../lib/gcc/arm-none-eabi/7.2.1/../../../../arm-none-eabi/lib/thumb/v7e-m/fpv4-sp/hard/libg.a(lib_a-mprec.o)
                0x000000000800cda8                __hi0bits
 .text.__lo0bits
                0x000000000800cde8       0x60 /usr/bin/../lib/gcc/arm-none-eabi/7.2.1/../../../../arm-none-eabi/lib/thumb/v7e-m/fpv4-sp/hard/libg.a(lib_a-mprec.o)
                0x000000000800cde8                __lo0bits
 .text.__i2b    0x000000000800ce48       0x14 /usr/bin/../lib/gcc/arm-none-eabi/7.2.1/../../../../arm-none-eabi/lib/thumb/v7e-m/fpv4-sp/hard/libg.a(lib_a-mprec.o)
                0x000000000800ce48                __i2b
 .text.__multiply
                0x000000000800ce5c      0x14c /usr/bin/../lib/gcc/arm-none-eabi/7.2.1/../../../../arm-none-eabi/lib/thumb/v7e-m/fpv4-sp/hard/libg.a(lib_a-mprec.o)
                0x000000000800ce5c                __multiply
 .text.__pow5mult
                0x000000000800cfa8       0xa0 /usr/bin/../lib/gcc/arm-none-eabi/7.2.1/../../../../arm-none-eabi/lib/thumb/v7e-m/fpv4-sp/hard/libg.a(lib_a-mprec.o)
                0x000000000800cfa8                __pow5mult
 .text.__lshift
                0x000000000800d048       0xac /usr/bin/../lib/gcc/arm-none-eabi/7.2.1/../../../../arm-none-eabi/lib/thumb/v7e-m/fpv4-sp/hard/libg.a(lib_a-mprec.o)
                0x000000000800d048                __lshift
 .text.__mcmp   0x000000000800d0f4       0x38 /usr/bin/../lib/gcc/arm-none-eabi/7.2.1/../../../../arm-none-eabi/lib/thumb/v7e-m/fpv4-sp/hard/libg.a(lib_a-mprec.o)
                0x000000000800d0f4                __mcmp
 .text.__mdiff  0x000000000800d12c       0xec /usr/bin/../lib/gcc/arm-none-eabi/7.2.1/../../../../arm-none-eabi/lib/thumb/v7e-m/fpv4-sp/hard/libg.a(lib_a-mprec.o)
                0x000000000800d12c                __mdiff
 .text.__d2b    0x000000000800d218       0xc4 /usr/bin/../lib/gcc/arm-none-eabi/7.2.1/../../../../arm-none-eabi/lib/thumb/v7e-m/fpv4-sp/hard/libg.a(lib_a-mprec.o)
                0x000000000800d218                __d2b
 .text._sbrk_r  0x000000000800d2dc       0x24 /usr/bin/../lib/gcc/arm-none-eabi/7.2.1/../../../../arm-none-eabi/lib/thumb/v7e-m/fpv4-sp/hard/libg.a(lib_a-sbrkr.o)
                0x000000000800d2dc                _sbrk_r
 .text.__ssprint_r
                0x000000000800d300       0xf4 /usr/bin/../lib/gcc/arm-none-eabi/7.2.1/../../../../arm-none-eabi/lib/thumb/v7e-m/fpv4-sp/hard/libg.a(lib_a-svfiprintf.o)
                0x000000000800d300                __ssprint_r
 .text.__register_exitproc
                0x000000000800d3f4       0xc0 /usr/bin/../lib/gcc/arm-none-eabi/7.2.1/../../../../arm-none-eabi/lib/thumb/v7e-m/fpv4-sp/hard/libg.a(lib_a-__atexit.o)
                0x000000000800d3f4                __register_exitproc
 .text._calloc_r
                0x000000000800d4b4       0x68 /usr/bin/../lib/gcc/arm-none-eabi/7.2.1/../../../../arm-none-eabi/lib/thumb/v7e-m/fpv4-sp/hard/libg.a(lib_a-callocr.o)
                0x000000000800d4b4                _calloc_r
 .text._malloc_trim_r
                0x000000000800d51c       0xa0 /usr/bin/../lib/gcc/arm-none-eabi/7.2.1/../../../../arm-none-eabi/lib/thumb/v7e-m/fpv4-sp/hard/libg.a(lib_a-freer.o)
                0x000000000800d51c                _malloc_trim_r
 .text._free_r  0x000000000800d5bc      0x1e8 /usr/bin/../lib/gcc/arm-none-eabi/7.2.1/../../../../arm-none-eabi/lib/thumb/v7e-m/fpv4-sp/hard/libg.a(lib_a-freer.o)
                0x000000000800d5bc                _free_r
 .text.__ascii_mbtowc
                0x000000000800d7a4       0x2c /usr/bin/../lib/gcc/arm-none-eabi/7.2.1/../../../../arm-none-eabi/lib/thumb/v7e-m/fpv4-sp/hard/libg.a(lib_a-mbtowc_r.o)
                0x000000000800d7a4                __ascii_mbtowc
 .text.memmove  0x000000000800d7d0       0xc8 /usr/bin/../lib/gcc/arm-none-eabi/7.2.1/../../../../arm-none-eabi/lib/thumb/v7e-m/fpv4-sp/hard/libg.a(lib_a-memmove.o)
                0x000000000800d7d0                memmove
 .text._realloc_r
                0x000000000800d898      0x35c /usr/bin/../lib/gcc/arm-none-eabi/7.2.1/../../../../arm-none-eabi/lib/thumb/v7e-m/fpv4-sp/hard/libg.a(lib_a-reallocr.o)
                0x000000000800d898                _realloc_r
 .text.__ascii_wctomb
                0x000000000800dbf4       0x1c /usr/bin/../lib/gcc/arm-none-eabi/7.2.1/../../../../arm-none-eabi/lib/thumb/v7e-m/fpv4-sp/hard/libg.a(lib_a-wctomb_r.o)
                0x000000000800dbf4                __ascii_wctomb
 .text._sbrk    0x000000000800dc10       0x1c /usr/bin/../lib/gcc/arm-none-eabi/7.2.1/../../../../arm-none-eabi/lib/thumb/v7e-m/fpv4-sp/hard/libnosys.a(sbrk.o)
                0x000000000800dc10                _sbrk
 *(.glue_7)
 .glue_7        0x000000000800dc2c        0x0 linker stubs
 *(.glue_7t)
 .glue_7t       0x000000000800dc2c        0x0 linker stubs
 *(.eh_frame)
 .eh_frame      0x000000000800dc2c        0x0 /usr/bin/../lib/gcc/arm-none-eabi/7.2.1/thumb/v7e-m/fpv4-sp/hard/crtbegin.o
 *(.init)
 .init          0x000000000800dc2c        0x4 /usr/bin/../lib/gcc/arm-none-eabi/7.2.1/thumb/v7e-m/fpv4-sp/hard/crti.o
                0x000000000800dc2c                _init
 .init          0x000000000800dc30        0x8 /usr/bin/../lib/gcc/arm-none-eabi/7.2.1/thumb/v7e-m/fpv4-sp/hard/crtn.o
 *(.fini)
 .fini          0x000000000800dc38        0x4 /usr/bin/../lib/gcc/arm-none-eabi/7.2.1/thumb/v7e-m/fpv4-sp/hard/crti.o
                0x000000000800dc38                _fini
 .fini          0x000000000800dc3c        0x8 /usr/bin/../lib/gcc/arm-none-eabi/7.2.1/thumb/v7e-m/fpv4-sp/hard/crtn.o
                0x000000000800dc44                . = ALIGN (0x4)
                0x000000000800dc44                _etext = .

.vfp11_veneer   0x000000000800dc44        0x0
 .vfp11_veneer  0x000000000800dc44        0x0 linker stubs

.v4_bx          0x000000000800dc44        0x0
 .v4_bx         0x000000000800dc44        0x0 linker stubs

.iplt           0x000000000800dc44        0x0
 .iplt          0x000000000800dc44        0x0 /usr/bin/../lib/gcc/arm-none-eabi/7.2.1/thumb/v7e-m/fpv4-sp/hard/crtbegin.o

.rodata         0x000000000800dc48      0x3b8
                0x000000000800dc48                . = ALIGN (0x4)
 *(.rodata)
 .rodata        0x000000000800dc48        0x8 build/stm32f4xx_hal_dma.o
 .rodata        0x000000000800dc50       0x18 build/system_stm32f4xx.o
                0x000000000800dc50                AHBPrescTable
                0x000000000800dc60                APBPrescTable
 *(.rodata*)
 .rodata.str1.1
                0x000000000800dc68       0x95 build/main.o
 .rodata.str1.1
                0x000000000800dcfd       0x3c build/encoders.o
 .rodata.str1.1
                0x000000000800dd39       0x27 build/usTimer.o
 .rodata.str1.1
                0x000000000800dd60        0x5 build/tasks.o
 .rodata.str1.1
                0x000000000800dd65        0xd build/timers.o
 *fill*         0x000000000800dd72        0x2 
 .rodata._global_impure_ptr
                0x000000000800dd74        0x4 /usr/bin/../lib/gcc/arm-none-eabi/7.2.1/../../../../arm-none-eabi/lib/thumb/v7e-m/fpv4-sp/hard/libg.a(lib_a-impure.o)
                0x000000000800dd74                _global_impure_ptr
 .rodata._svfprintf_r.str1.4
                0x000000000800dd78       0x42 /usr/bin/../lib/gcc/arm-none-eabi/7.2.1/../../../../arm-none-eabi/lib/thumb/v7e-m/fpv4-sp/hard/libg.a(lib_a-svfprintf.o)
 *fill*         0x000000000800ddba        0x2 
 .rodata.blanks.8551
                0x000000000800ddbc       0x10 /usr/bin/../lib/gcc/arm-none-eabi/7.2.1/../../../../arm-none-eabi/lib/thumb/v7e-m/fpv4-sp/hard/libg.a(lib_a-svfprintf.o)
 .rodata.zeroes.8552
                0x000000000800ddcc       0x10 /usr/bin/../lib/gcc/arm-none-eabi/7.2.1/../../../../arm-none-eabi/lib/thumb/v7e-m/fpv4-sp/hard/libg.a(lib_a-svfprintf.o)
 .rodata._dtoa_r.str1.4
                0x000000000800dddc       0x10 /usr/bin/../lib/gcc/arm-none-eabi/7.2.1/../../../../arm-none-eabi/lib/thumb/v7e-m/fpv4-sp/hard/libg.a(lib_a-dtoa.o)
                                         0x12 (size before relaxing)
 *fill*         0x000000000800ddec        0x4 
 .rodata.__mprec_bigtens
                0x000000000800ddf0       0x28 /usr/bin/../lib/gcc/arm-none-eabi/7.2.1/../../../../arm-none-eabi/lib/thumb/v7e-m/fpv4-sp/hard/libg.a(lib_a-mprec.o)
                0x000000000800ddf0                __mprec_bigtens
 .rodata.__mprec_tens
                0x000000000800de18       0xc8 /usr/bin/../lib/gcc/arm-none-eabi/7.2.1/../../../../arm-none-eabi/lib/thumb/v7e-m/fpv4-sp/hard/libg.a(lib_a-mprec.o)
                0x000000000800de18                __mprec_tens
 .rodata.p05.7367
                0x000000000800dee0        0xc /usr/bin/../lib/gcc/arm-none-eabi/7.2.1/../../../../arm-none-eabi/lib/thumb/v7e-m/fpv4-sp/hard/libg.a(lib_a-mprec.o)
 .rodata._setlocale_r.str1.4
                0x000000000800deec        0xa /usr/bin/../lib/gcc/arm-none-eabi/7.2.1/../../../../arm-none-eabi/lib/thumb/v7e-m/fpv4-sp/hard/libg.a(lib_a-locale.o)
                                          0xd (size before relaxing)
 *fill*         0x000000000800def6        0x2 
 .rodata.str1.4
                0x000000000800def8        0x4 /usr/bin/../lib/gcc/arm-none-eabi/7.2.1/../../../../arm-none-eabi/lib/thumb/v7e-m/fpv4-sp/hard/libg.a(lib_a-locale.o)
                                          0x2 (size before relaxing)
 .rodata._ctype_
                0x000000000800defc      0x101 /usr/bin/../lib/gcc/arm-none-eabi/7.2.1/../../../../arm-none-eabi/lib/thumb/v7e-m/fpv4-sp/hard/libg.a(lib_a-ctype_.o)
                0x000000000800defc                _ctype_
                0x000000000800e000                . = ALIGN (0x4)
 *fill*         0x000000000800dffd        0x3 

.ARM.extab
 *(.ARM.extab* .gnu.linkonce.armextab.*)

.ARM            0x000000000800e000        0x8
                0x000000000800e000                __exidx_start = .
 *(.ARM.exidx*)
 .ARM.exidx     0x000000000800e000        0x8 /usr/bin/../lib/gcc/arm-none-eabi/7.2.1/thumb/v7e-m/fpv4-sp/hard/libgcc.a(_udivmoddi4.o)
                0x000000000800e008                __exidx_end = .

.rel.dyn        0x000000000800e008        0x0
 .rel.iplt      0x000000000800e008        0x0 /usr/bin/../lib/gcc/arm-none-eabi/7.2.1/thumb/v7e-m/fpv4-sp/hard/crtbegin.o

.preinit_array  0x000000000800e008        0x0
                0x000000000800e008                PROVIDE (__preinit_array_start, .)
 *(.preinit_array*)
                0x000000000800e008                PROVIDE (__preinit_array_end, .)

.init_array     0x000000000800e008        0x8
                0x000000000800e008                PROVIDE (__init_array_start, .)
 *(SORT_BY_NAME(.init_array.*))
 .init_array.00000
                0x000000000800e008        0x4 /usr/bin/../lib/gcc/arm-none-eabi/7.2.1/../../../../arm-none-eabi/lib/thumb/v7e-m/fpv4-sp/hard/libg.a(lib_a-__call_atexit.o)
 *(.init_array*)
 .init_array    0x000000000800e00c        0x4 /usr/bin/../lib/gcc/arm-none-eabi/7.2.1/thumb/v7e-m/fpv4-sp/hard/crtbegin.o
                0x000000000800e010                PROVIDE (__init_array_end, .)

.fini_array     0x000000000800e010        0x4
                0x000000000800e010                PROVIDE (__fini_array_start, .)
 *(SORT_BY_NAME(.fini_array.*))
 *(.fini_array*)
 .fini_array    0x000000000800e010        0x4 /usr/bin/../lib/gcc/arm-none-eabi/7.2.1/thumb/v7e-m/fpv4-sp/hard/crtbegin.o
                0x000000000800e014                PROVIDE (__fini_array_end, .)
                0x000000000800e014                _sidata = LOADADDR (.data)

.data           0x0000000020000000      0x9c0 load address 0x000000000800e014
                0x0000000020000000                . = ALIGN (0x4)
                0x0000000020000000                _sdata = .
 *(.data)
 .data          0x0000000020000000        0x2 build/uart.o
                0x0000000020000000                uart1_tx_ok
                0x0000000020000001                uart2_tx_ok
 .data          0x0000000020000002        0x4 build/encoders.o
 *fill*         0x0000000020000006        0x2 
 .data          0x0000000020000008        0x4 build/system_stm32f4xx.o
                0x0000000020000008                SystemCoreClock
 .data          0x000000002000000c        0x4 build/port.o
 *(.data*)
 .data._impure_ptr
                0x0000000020000010        0x4 /usr/bin/../lib/gcc/arm-none-eabi/7.2.1/../../../../arm-none-eabi/lib/thumb/v7e-m/fpv4-sp/hard/libg.a(lib_a-impure.o)
                0x0000000020000010                _impure_ptr
 *fill*         0x0000000020000014        0x4 
 .data.impure_data
                0x0000000020000018      0x428 /usr/bin/../lib/gcc/arm-none-eabi/7.2.1/../../../../arm-none-eabi/lib/thumb/v7e-m/fpv4-sp/hard/libg.a(lib_a-impure.o)
 .data.__atexit_recursive_mutex
                0x0000000020000440        0x4 /usr/bin/../lib/gcc/arm-none-eabi/7.2.1/../../../../arm-none-eabi/lib/thumb/v7e-m/fpv4-sp/hard/libg.a(lib_a-__call_atexit.o)
                0x0000000020000440                __atexit_recursive_mutex
 .data.__malloc_av_
                0x0000000020000444      0x408 /usr/bin/../lib/gcc/arm-none-eabi/7.2.1/../../../../arm-none-eabi/lib/thumb/v7e-m/fpv4-sp/hard/libg.a(lib_a-mallocr.o)
                0x0000000020000444                __malloc_av_
 .data.__malloc_sbrk_base
                0x000000002000084c        0x4 /usr/bin/../lib/gcc/arm-none-eabi/7.2.1/../../../../arm-none-eabi/lib/thumb/v7e-m/fpv4-sp/hard/libg.a(lib_a-mallocr.o)
                0x000000002000084c                __malloc_sbrk_base
 .data.__malloc_trim_threshold
                0x0000000020000850        0x4 /usr/bin/../lib/gcc/arm-none-eabi/7.2.1/../../../../arm-none-eabi/lib/thumb/v7e-m/fpv4-sp/hard/libg.a(lib_a-mallocr.o)
                0x0000000020000850                __malloc_trim_threshold
 .data.__global_locale
                0x0000000020000854      0x16c /usr/bin/../lib/gcc/arm-none-eabi/7.2.1/../../../../arm-none-eabi/lib/thumb/v7e-m/fpv4-sp/hard/libg.a(lib_a-locale.o)
                0x0000000020000854                __global_locale
                0x00000000200009c0                . = ALIGN (0x4)
                0x00000000200009c0                _edata = .

.igot.plt       0x00000000200009c0        0x0 load address 0x000000000800e9d4
 .igot.plt      0x00000000200009c0        0x0 /usr/bin/../lib/gcc/arm-none-eabi/7.2.1/thumb/v7e-m/fpv4-sp/hard/crtbegin.o
                0x00000000200009c0                . = ALIGN (0x4)

.bss            0x00000000200009c0    0x12fc8 load address 0x000000000800e9d4
                0x00000000200009c0                _sbss = .
                0x00000000200009c0                __bss_start__ = _sbss
 *(.bss)
 .bss           0x00000000200009c0       0x1c /usr/bin/../lib/gcc/arm-none-eabi/7.2.1/thumb/v7e-m/fpv4-sp/hard/crtbegin.o
 .bss           0x00000000200009dc        0x4 build/main.o
 .bss           0x00000000200009e0        0x8 build/uart.o
 .bss           0x00000000200009e8       0x14 build/encoders.o
 *fill*         0x00000000200009fc        0x4 
 .bss           0x0000000020000a00        0x8 build/usTimer.o
 .bss           0x0000000020000a08      0x104 build/tasks.o
                0x0000000020000a3c                pxCurrentTCB
 .bss           0x0000000020000b0c       0x3c build/timers.o
 .bss           0x0000000020000b48    0x12c18 build/heap_4.o
 .bss           0x0000000020013760        0x8 build/port.o
 *(.bss*)
 .bss.__malloc_current_mallinfo
                0x0000000020013768       0x28 /usr/bin/../lib/gcc/arm-none-eabi/7.2.1/../../../../arm-none-eabi/lib/thumb/v7e-m/fpv4-sp/hard/libg.a(lib_a-mallocr.o)
                0x0000000020013768                __malloc_current_mallinfo
 .bss.__malloc_max_sbrked_mem
                0x0000000020013790        0x4 /usr/bin/../lib/gcc/arm-none-eabi/7.2.1/../../../../arm-none-eabi/lib/thumb/v7e-m/fpv4-sp/hard/libg.a(lib_a-mallocr.o)
                0x0000000020013790                __malloc_max_sbrked_mem
 .bss.__malloc_max_total_mem
                0x0000000020013794        0x4 /usr/bin/../lib/gcc/arm-none-eabi/7.2.1/../../../../arm-none-eabi/lib/thumb/v7e-m/fpv4-sp/hard/libg.a(lib_a-mallocr.o)
                0x0000000020013794                __malloc_max_total_mem
 .bss.__malloc_top_pad
                0x0000000020013798        0x4 /usr/bin/../lib/gcc/arm-none-eabi/7.2.1/../../../../arm-none-eabi/lib/thumb/v7e-m/fpv4-sp/hard/libg.a(lib_a-mallocr.o)
                0x0000000020013798                __malloc_top_pad
 .bss.heap_end.5377
                0x000000002001379c        0x4 /usr/bin/../lib/gcc/arm-none-eabi/7.2.1/../../../../arm-none-eabi/lib/thumb/v7e-m/fpv4-sp/hard/libnosys.a(sbrk.o)
 *(COMMON)
 COMMON         0x00000000200137a0       0x80 build/uart.o
                0x00000000200137a0                UartHandle2
                0x00000000200137e0                UartHandle1
 COMMON         0x0000000020013820       0xc0 build/encoders.o
                0x0000000020013820                TimHandleEnc2
                0x000000002001385c                enc2
                0x0000000020013880                enc1
                0x00000000200138a4                TimHandleEnc1
 COMMON         0x00000000200138e0       0x3c build/usTimer.o
                0x00000000200138e0                TimHandle6
 COMMON         0x000000002001391c        0x4 build/stm32f4xx_hal.o
                0x000000002001391c                uwTick
 COMMON         0x0000000020013920       0x40 build/queue.o
                0x0000000020013920                xQueueRegistry
 COMMON         0x0000000020013960       0x21 /usr/bin/../lib/gcc/arm-none-eabi/7.2.1/../../../../arm-none-eabi/lib/thumb/v7e-m/fpv4-sp/hard/libg.a(lib_a-lock.o)
                0x0000000020013960                __lock___atexit_recursive_mutex
                0x0000000020013964                __lock___arc4random_mutex
                0x0000000020013968                __lock___env_recursive_mutex
                0x000000002001396c                __lock___sinit_recursive_mutex
                0x0000000020013970                __lock___malloc_recursive_mutex
                0x0000000020013974                __lock___at_quick_exit_mutex
                0x0000000020013978                __lock___dd_hash_mutex
                0x000000002001397c                __lock___tz_mutex
                0x0000000020013980                __lock___sfp_recursive_mutex
 *fill*         0x0000000020013981        0x3 
 COMMON         0x0000000020013984        0x4 /usr/bin/../lib/gcc/arm-none-eabi/7.2.1/../../../../arm-none-eabi/lib/thumb/v7e-m/fpv4-sp/hard/libg.a(lib_a-reent.o)
                0x0000000020013984                errno
                0x0000000020013988                . = ALIGN (0x4)
                0x0000000020013988                _ebss = .
                0x0000000020013988                __bss_end__ = _ebss

._user_heap_stack
                0x0000000020013988      0x600 load address 0x000000000800e9d4
                0x0000000020013988                . = ALIGN (0x4)
                0x0000000020013988                PROVIDE (end, .)
                [!provide]                        PROVIDE (_end, .)
                0x0000000020013b88                . = (. + _Min_Heap_Size)
 *fill*         0x0000000020013988      0x200 
                0x0000000020013f88                . = (. + _Min_Stack_Size)
 *fill*         0x0000000020013b88      0x400 
                0x0000000020013f88                . = ALIGN (0x4)

/DISCARD/
 libc.a(*)
 libm.a(*)
 libgcc.a(*)

.ARM.attributes
                0x0000000000000000       0x30
 *(.ARM.attributes)
 .ARM.attributes
                0x0000000000000000       0x22 /usr/bin/../lib/gcc/arm-none-eabi/7.2.1/thumb/v7e-m/fpv4-sp/hard/crti.o
 .ARM.attributes
                0x0000000000000022       0x34 /usr/bin/../lib/gcc/arm-none-eabi/7.2.1/thumb/v7e-m/fpv4-sp/hard/crtbegin.o
 .ARM.attributes
                0x0000000000000056       0x39 build/main.o
 .ARM.attributes
                0x000000000000008f       0x39 build/stm32f4xx_it.o
 .ARM.attributes
                0x00000000000000c8       0x39 build/gpio.o
 .ARM.attributes
                0x0000000000000101       0x39 build/uart.o
 .ARM.attributes
                0x000000000000013a       0x39 build/encoders.o
 .ARM.attributes
                0x0000000000000173       0x39 build/usTimer.o
 .ARM.attributes
                0x00000000000001ac       0x39 build/stm32f4xx_hal.o
 .ARM.attributes
                0x00000000000001e5       0x39 build/stm32f4xx_hal_rcc.o
 .ARM.attributes
                0x000000000000021e       0x39 build/stm32f4xx_hal_rcc_ex.o
 .ARM.attributes
                0x0000000000000257       0x39 build/stm32f4xx_hal_cortex.o
 .ARM.attributes
                0x0000000000000290       0x39 build/stm32f4xx_hal_pwr_ex.o
 .ARM.attributes
                0x00000000000002c9       0x39 build/stm32f4xx_hal_gpio.o
 .ARM.attributes
                0x0000000000000302       0x39 build/stm32f4xx_hal_dma.o
 .ARM.attributes
                0x000000000000033b       0x39 build/stm32f4xx_hal_tim.o
 .ARM.attributes
                0x0000000000000374       0x39 build/stm32f4xx_hal_tim_ex.o
 .ARM.attributes
                0x00000000000003ad       0x39 build/stm32f4xx_hal_uart.o
 .ARM.attributes
                0x00000000000003e6       0x39 build/system_stm32f4xx.o
 .ARM.attributes
                0x000000000000041f       0x21 build/startup_stm32f446xx.o
 .ARM.attributes
                0x0000000000000440       0x39 build/list.o
 .ARM.attributes
                0x0000000000000479       0x39 build/tasks.o
 .ARM.attributes
                0x00000000000004b2       0x39 build/queue.o
 .ARM.attributes
                0x00000000000004eb       0x39 build/timers.o
 .ARM.attributes
                0x0000000000000524       0x39 build/heap_4.o
 .ARM.attributes
                0x000000000000055d       0x39 build/port.o
 .ARM.attributes
                0x0000000000000596       0x39 build/freeRtosUtils.o
 .ARM.attributes
                0x00000000000005cf       0x22 /usr/bin/../lib/gcc/arm-none-eabi/7.2.1/thumb/v7e-m/fpv4-sp/hard/libgcc.a(_aeabi_uldivmod.o)
 .ARM.attributes
                0x00000000000005f1       0x34 /usr/bin/../lib/gcc/arm-none-eabi/7.2.1/thumb/v7e-m/fpv4-sp/hard/libgcc.a(_udivmoddi4.o)
 .ARM.attributes
                0x0000000000000625       0x22 /usr/bin/../lib/gcc/arm-none-eabi/7.2.1/thumb/v7e-m/fpv4-sp/hard/libgcc.a(_dvmd_tls.o)
 .ARM.attributes
                0x0000000000000647       0x34 /usr/bin/../lib/gcc/arm-none-eabi/7.2.1/../../../../arm-none-eabi/lib/thumb/v7e-m/fpv4-sp/hard/libg.a(lib_a-impure.o)
 .ARM.attributes
                0x000000000000067b       0x34 /usr/bin/../lib/gcc/arm-none-eabi/7.2.1/../../../../arm-none-eabi/lib/thumb/v7e-m/fpv4-sp/hard/libg.a(lib_a-init.o)
 .ARM.attributes
                0x00000000000006af       0x20 /usr/bin/../lib/gcc/arm-none-eabi/7.2.1/../../../../arm-none-eabi/lib/thumb/v7e-m/fpv4-sp/hard/libg.a(lib_a-memcpy.o)
 .ARM.attributes
                0x00000000000006cf       0x34 /usr/bin/../lib/gcc/arm-none-eabi/7.2.1/../../../../arm-none-eabi/lib/thumb/v7e-m/fpv4-sp/hard/libg.a(lib_a-memset.o)
 .ARM.attributes
                0x0000000000000703       0x34 /usr/bin/../lib/gcc/arm-none-eabi/7.2.1/../../../../arm-none-eabi/lib/thumb/v7e-m/fpv4-sp/hard/libg.a(lib_a-sprintf.o)
 .ARM.attributes
                0x0000000000000737       0x34 /usr/bin/../lib/gcc/arm-none-eabi/7.2.1/../../../../arm-none-eabi/lib/thumb/v7e-m/fpv4-sp/hard/libg.a(lib_a-strcpy.o)
 .ARM.attributes
                0x000000000000076b       0x20 /usr/bin/../lib/gcc/arm-none-eabi/7.2.1/../../../../arm-none-eabi/lib/thumb/v7e-m/fpv4-sp/hard/libg.a(lib_a-strlen.o)
 .ARM.attributes
                0x000000000000078b       0x34 /usr/bin/../lib/gcc/arm-none-eabi/7.2.1/../../../../arm-none-eabi/lib/thumb/v7e-m/fpv4-sp/hard/libg.a(lib_a-svfprintf.o)
 .ARM.attributes
                0x00000000000007bf       0x34 /usr/bin/../lib/gcc/arm-none-eabi/7.2.1/../../../../arm-none-eabi/lib/thumb/v7e-m/fpv4-sp/hard/libg.a(lib_a-__call_atexit.o)
 .ARM.attributes
                0x00000000000007f3       0x34 /usr/bin/../lib/gcc/arm-none-eabi/7.2.1/../../../../arm-none-eabi/lib/thumb/v7e-m/fpv4-sp/hard/libg.a(lib_a-atexit.o)
 .ARM.attributes
                0x0000000000000827       0x34 /usr/bin/../lib/gcc/arm-none-eabi/7.2.1/../../../../arm-none-eabi/lib/thumb/v7e-m/fpv4-sp/hard/libg.a(lib_a-dtoa.o)
 .ARM.attributes
                0x000000000000085b       0x34 /usr/bin/../lib/gcc/arm-none-eabi/7.2.1/../../../../arm-none-eabi/lib/thumb/v7e-m/fpv4-sp/hard/libg.a(lib_a-fini.o)
 .ARM.attributes
                0x000000000000088f       0x34 /usr/bin/../lib/gcc/arm-none-eabi/7.2.1/../../../../arm-none-eabi/lib/thumb/v7e-m/fpv4-sp/hard/libg.a(lib_a-localeconv.o)
 .ARM.attributes
                0x00000000000008c3       0x34 /usr/bin/../lib/gcc/arm-none-eabi/7.2.1/../../../../arm-none-eabi/lib/thumb/v7e-m/fpv4-sp/hard/libg.a(lib_a-lock.o)
 .ARM.attributes
                0x00000000000008f7       0x34 /usr/bin/../lib/gcc/arm-none-eabi/7.2.1/../../../../arm-none-eabi/lib/thumb/v7e-m/fpv4-sp/hard/libg.a(lib_a-mallocr.o)
 .ARM.attributes
                0x000000000000092b       0x20 /usr/bin/../lib/gcc/arm-none-eabi/7.2.1/../../../../arm-none-eabi/lib/thumb/v7e-m/fpv4-sp/hard/libg.a(lib_a-memchr.o)
 .ARM.attributes
                0x000000000000094b       0x34 /usr/bin/../lib/gcc/arm-none-eabi/7.2.1/../../../../arm-none-eabi/lib/thumb/v7e-m/fpv4-sp/hard/libg.a(lib_a-mlock.o)
 .ARM.attributes
                0x000000000000097f       0x34 /usr/bin/../lib/gcc/arm-none-eabi/7.2.1/../../../../arm-none-eabi/lib/thumb/v7e-m/fpv4-sp/hard/libg.a(lib_a-mprec.o)
 .ARM.attributes
                0x00000000000009b3       0x34 /usr/bin/../lib/gcc/arm-none-eabi/7.2.1/../../../../arm-none-eabi/lib/thumb/v7e-m/fpv4-sp/hard/libg.a(lib_a-sbrkr.o)
 .ARM.attributes
                0x00000000000009e7       0x34 /usr/bin/../lib/gcc/arm-none-eabi/7.2.1/../../../../arm-none-eabi/lib/thumb/v7e-m/fpv4-sp/hard/libg.a(lib_a-svfiprintf.o)
 .ARM.attributes
                0x0000000000000a1b       0x34 /usr/bin/../lib/gcc/arm-none-eabi/7.2.1/../../../../arm-none-eabi/lib/thumb/v7e-m/fpv4-sp/hard/libg.a(lib_a-__atexit.o)
 .ARM.attributes
                0x0000000000000a4f       0x34 /usr/bin/../lib/gcc/arm-none-eabi/7.2.1/../../../../arm-none-eabi/lib/thumb/v7e-m/fpv4-sp/hard/libg.a(lib_a-callocr.o)
 .ARM.attributes
                0x0000000000000a83       0x34 /usr/bin/../lib/gcc/arm-none-eabi/7.2.1/../../../../arm-none-eabi/lib/thumb/v7e-m/fpv4-sp/hard/libg.a(lib_a-freer.o)
 .ARM.attributes
                0x0000000000000ab7       0x34 /usr/bin/../lib/gcc/arm-none-eabi/7.2.1/../../../../arm-none-eabi/lib/thumb/v7e-m/fpv4-sp/hard/libg.a(lib_a-locale.o)
 .ARM.attributes
                0x0000000000000aeb       0x34 /usr/bin/../lib/gcc/arm-none-eabi/7.2.1/../../../../arm-none-eabi/lib/thumb/v7e-m/fpv4-sp/hard/libg.a(lib_a-mbtowc_r.o)
 .ARM.attributes
                0x0000000000000b1f       0x34 /usr/bin/../lib/gcc/arm-none-eabi/7.2.1/../../../../arm-none-eabi/lib/thumb/v7e-m/fpv4-sp/hard/libg.a(lib_a-memmove.o)
 .ARM.attributes
                0x0000000000000b53       0x34 /usr/bin/../lib/gcc/arm-none-eabi/7.2.1/../../../../arm-none-eabi/lib/thumb/v7e-m/fpv4-sp/hard/libg.a(lib_a-reallocr.o)
 .ARM.attributes
                0x0000000000000b87       0x34 /usr/bin/../lib/gcc/arm-none-eabi/7.2.1/../../../../arm-none-eabi/lib/thumb/v7e-m/fpv4-sp/hard/libg.a(lib_a-reent.o)
 .ARM.attributes
                0x0000000000000bbb       0x34 /usr/bin/../lib/gcc/arm-none-eabi/7.2.1/../../../../arm-none-eabi/lib/thumb/v7e-m/fpv4-sp/hard/libg.a(lib_a-wctomb_r.o)
 .ARM.attributes
                0x0000000000000bef       0x34 /usr/bin/../lib/gcc/arm-none-eabi/7.2.1/../../../../arm-none-eabi/lib/thumb/v7e-m/fpv4-sp/hard/libg.a(lib_a-ctype_.o)
 .ARM.attributes
                0x0000000000000c23       0x22 /usr/bin/../lib/gcc/arm-none-eabi/7.2.1/thumb/v7e-m/fpv4-sp/hard/libgcc.a(_arm_addsubdf3.o)
 .ARM.attributes
                0x0000000000000c45       0x22 /usr/bin/../lib/gcc/arm-none-eabi/7.2.1/thumb/v7e-m/fpv4-sp/hard/libgcc.a(_arm_muldivdf3.o)
 .ARM.attributes
                0x0000000000000c67       0x22 /usr/bin/../lib/gcc/arm-none-eabi/7.2.1/thumb/v7e-m/fpv4-sp/hard/libgcc.a(_arm_cmpdf2.o)
 .ARM.attributes
                0x0000000000000c89       0x22 /usr/bin/../lib/gcc/arm-none-eabi/7.2.1/thumb/v7e-m/fpv4-sp/hard/libgcc.a(_arm_unorddf2.o)
 .ARM.attributes
                0x0000000000000cab       0x22 /usr/bin/../lib/gcc/arm-none-eabi/7.2.1/thumb/v7e-m/fpv4-sp/hard/libgcc.a(_arm_fixdfsi.o)
 .ARM.attributes
                0x0000000000000ccd       0x34 /usr/bin/../lib/gcc/arm-none-eabi/7.2.1/../../../../arm-none-eabi/lib/thumb/v7e-m/fpv4-sp/hard/libnosys.a(sbrk.o)
 .ARM.attributes
                0x0000000000000d01       0x22 /usr/bin/../lib/gcc/arm-none-eabi/7.2.1/thumb/v7e-m/fpv4-sp/hard/crtn.o
OUTPUT(bin/twippy_firmware.elf elf32-littlearm)

.debug_info     0x0000000000000000    0x2152b
 .debug_info    0x0000000000000000     0x1d38 build/main.o
 .debug_info    0x0000000000001d38      0xa28 build/stm32f4xx_it.o
 .debug_info    0x0000000000002760      0xf4d build/gpio.o
 .debug_info    0x00000000000036ad     0x1b21 build/uart.o
 .debug_info    0x00000000000051ce     0x1834 build/encoders.o
 .debug_info    0x0000000000006a02     0x15f3 build/usTimer.o
 .debug_info    0x0000000000007ff5     0x1162 build/stm32f4xx_hal.o
 .debug_info    0x0000000000009157     0x128c build/stm32f4xx_hal_rcc.o
 .debug_info    0x000000000000a3e3     0x12a3 build/stm32f4xx_hal_rcc_ex.o
 .debug_info    0x000000000000b686     0x176f build/stm32f4xx_hal_cortex.o
 .debug_info    0x000000000000cdf5     0x101b build/stm32f4xx_hal_pwr_ex.o
 .debug_info    0x000000000000de10      0xfe6 build/stm32f4xx_hal_gpio.o
 .debug_info    0x000000000000edf6     0x1272 build/stm32f4xx_hal_dma.o
 .debug_info    0x0000000000010068     0x3b83 build/stm32f4xx_hal_tim.o
 .debug_info    0x0000000000013beb     0x19ac build/stm32f4xx_hal_tim_ex.o
 .debug_info    0x0000000000015597     0x1ec3 build/stm32f4xx_hal_uart.o
 .debug_info    0x000000000001745a      0xd5d build/system_stm32f4xx.o
 .debug_info    0x00000000000181b7       0x22 build/startup_stm32f446xx.o
 .debug_info    0x00000000000181d9      0xad2 build/list.o
 .debug_info    0x0000000000018cab     0x32fb build/tasks.o
 .debug_info    0x000000000001bfa6     0x279d build/queue.o
 .debug_info    0x000000000001e743     0x1a27 build/timers.o
 .debug_info    0x000000000002016a      0xce6 build/heap_4.o
 .debug_info    0x0000000000020e50      0x56f build/port.o
 .debug_info    0x00000000000213bf      0x16c build/freeRtosUtils.o

.debug_abbrev   0x0000000000000000     0x49c7
 .debug_abbrev  0x0000000000000000      0x2d0 build/main.o
 .debug_abbrev  0x00000000000002d0      0x236 build/stm32f4xx_it.o
 .debug_abbrev  0x0000000000000506      0x21c build/gpio.o
 .debug_abbrev  0x0000000000000722      0x324 build/uart.o
 .debug_abbrev  0x0000000000000a46      0x369 build/encoders.o
 .debug_abbrev  0x0000000000000daf      0x326 build/usTimer.o
 .debug_abbrev  0x00000000000010d5      0x30c build/stm32f4xx_hal.o
 .debug_abbrev  0x00000000000013e1      0x385 build/stm32f4xx_hal_rcc.o
 .debug_abbrev  0x0000000000001766      0x2e0 build/stm32f4xx_hal_rcc_ex.o
 .debug_abbrev  0x0000000000001a46      0x3d6 build/stm32f4xx_hal_cortex.o
 .debug_abbrev  0x0000000000001e1c      0x2ce build/stm32f4xx_hal_pwr_ex.o
 .debug_abbrev  0x00000000000020ea      0x2a5 build/stm32f4xx_hal_gpio.o
 .debug_abbrev  0x000000000000238f      0x395 build/stm32f4xx_hal_dma.o
 .debug_abbrev  0x0000000000002724      0x3f2 build/stm32f4xx_hal_tim.o
 .debug_abbrev  0x0000000000002b16      0x33f build/stm32f4xx_hal_tim_ex.o
 .debug_abbrev  0x0000000000002e55      0x3e5 build/stm32f4xx_hal_uart.o
 .debug_abbrev  0x000000000000323a      0x205 build/system_stm32f4xx.o
 .debug_abbrev  0x000000000000343f       0x12 build/startup_stm32f446xx.o
 .debug_abbrev  0x0000000000003451      0x223 build/list.o
 .debug_abbrev  0x0000000000003674      0x4ac build/tasks.o
 .debug_abbrev  0x0000000000003b20      0x426 build/queue.o
 .debug_abbrev  0x0000000000003f46      0x3d9 build/timers.o
 .debug_abbrev  0x000000000000431f      0x37a build/heap_4.o
 .debug_abbrev  0x0000000000004699      0x23d build/port.o
 .debug_abbrev  0x00000000000048d6       0xf1 build/freeRtosUtils.o

.debug_loc      0x0000000000000000     0xab1e
 .debug_loc     0x0000000000000000      0x146 build/main.o
 .debug_loc     0x0000000000000146      0x499 build/uart.o
 .debug_loc     0x00000000000005df      0x31d build/encoders.o
 .debug_loc     0x00000000000008fc      0x180 build/usTimer.o
 .debug_loc     0x0000000000000a7c       0x69 build/stm32f4xx_hal.o
 .debug_loc     0x0000000000000ae5      0x2c3 build/stm32f4xx_hal_rcc.o
 .debug_loc     0x0000000000000da8      0x94f build/stm32f4xx_hal_rcc_ex.o
 .debug_loc     0x00000000000016f7      0x49b build/stm32f4xx_hal_cortex.o
 .debug_loc     0x0000000000001b92      0x15d build/stm32f4xx_hal_pwr_ex.o
 .debug_loc     0x0000000000001cef      0x3cd build/stm32f4xx_hal_gpio.o
 .debug_loc     0x00000000000020bc      0x776 build/stm32f4xx_hal_dma.o
 .debug_loc     0x0000000000002832     0x2f91 build/stm32f4xx_hal_tim.o
 .debug_loc     0x00000000000057c3      0x834 build/stm32f4xx_hal_tim_ex.o
 .debug_loc     0x0000000000005ff7     0x132a build/stm32f4xx_hal_uart.o
 .debug_loc     0x0000000000007321      0x11c build/system_stm32f4xx.o
 .debug_loc     0x000000000000743d       0x94 build/list.o
 .debug_loc     0x00000000000074d1     0x18d7 build/tasks.o
 .debug_loc     0x0000000000008da8      0xfda build/queue.o
 .debug_loc     0x0000000000009d82      0x930 build/timers.o
 .debug_loc     0x000000000000a6b2      0x39d build/heap_4.o
 .debug_loc     0x000000000000aa4f       0xcf build/port.o

.debug_aranges  0x0000000000000000      0x348
 .debug_aranges
                0x0000000000000000       0x28 build/main.o
 .debug_aranges
                0x0000000000000028       0x20 build/stm32f4xx_it.o
 .debug_aranges
                0x0000000000000048       0x20 build/gpio.o
 .debug_aranges
                0x0000000000000068       0x20 build/uart.o
 .debug_aranges
                0x0000000000000088       0x20 build/encoders.o
 .debug_aranges
                0x00000000000000a8       0x20 build/usTimer.o
 .debug_aranges
                0x00000000000000c8       0x20 build/stm32f4xx_hal.o
 .debug_aranges
                0x00000000000000e8       0x20 build/stm32f4xx_hal_rcc.o
 .debug_aranges
                0x0000000000000108       0x20 build/stm32f4xx_hal_rcc_ex.o
 .debug_aranges
                0x0000000000000128       0x20 build/stm32f4xx_hal_cortex.o
 .debug_aranges
                0x0000000000000148       0x20 build/stm32f4xx_hal_pwr_ex.o
 .debug_aranges
                0x0000000000000168       0x20 build/stm32f4xx_hal_gpio.o
 .debug_aranges
                0x0000000000000188       0x20 build/stm32f4xx_hal_dma.o
 .debug_aranges
                0x00000000000001a8       0x20 build/stm32f4xx_hal_tim.o
 .debug_aranges
                0x00000000000001c8       0x20 build/stm32f4xx_hal_tim_ex.o
 .debug_aranges
                0x00000000000001e8       0x20 build/stm32f4xx_hal_uart.o
 .debug_aranges
                0x0000000000000208       0x20 build/system_stm32f4xx.o
 .debug_aranges
                0x0000000000000228       0x28 build/startup_stm32f446xx.o
 .debug_aranges
                0x0000000000000250       0x20 build/list.o
 .debug_aranges
                0x0000000000000270       0x20 build/tasks.o
 .debug_aranges
                0x0000000000000290       0x20 build/queue.o
 .debug_aranges
                0x00000000000002b0       0x20 build/timers.o
 .debug_aranges
                0x00000000000002d0       0x28 build/heap_4.o
 .debug_aranges
                0x00000000000002f8       0x30 build/port.o
 .debug_aranges
                0x0000000000000328       0x20 build/freeRtosUtils.o

.debug_ranges   0x0000000000000000      0x7c8
 .debug_ranges  0x0000000000000000       0x40 build/main.o
 .debug_ranges  0x0000000000000040       0xd0 build/gpio.o
 .debug_ranges  0x0000000000000110       0x40 build/uart.o
 .debug_ranges  0x0000000000000150       0x58 build/encoders.o
 .debug_ranges  0x00000000000001a8       0x20 build/usTimer.o
 .debug_ranges  0x00000000000001c8       0x50 build/stm32f4xx_hal_rcc.o
 .debug_ranges  0x0000000000000218       0x30 build/stm32f4xx_hal_rcc_ex.o
 .debug_ranges  0x0000000000000248       0xa0 build/stm32f4xx_hal_cortex.o
 .debug_ranges  0x00000000000002e8       0x60 build/stm32f4xx_hal_pwr_ex.o
 .debug_ranges  0x0000000000000348       0x20 build/stm32f4xx_hal_gpio.o
 .debug_ranges  0x0000000000000368       0x58 build/stm32f4xx_hal_dma.o
 .debug_ranges  0x00000000000003c0       0xf0 build/stm32f4xx_hal_tim.o
 .debug_ranges  0x00000000000004b0       0x20 build/startup_stm32f446xx.o
 .debug_ranges  0x00000000000004d0      0x120 build/tasks.o
 .debug_ranges  0x00000000000005f0      0x130 build/queue.o
 .debug_ranges  0x0000000000000720       0x70 build/timers.o
 .debug_ranges  0x0000000000000790       0x18 build/heap_4.o
 .debug_ranges  0x00000000000007a8       0x20 build/port.o

.debug_macro    0x0000000000000000    0x2672a
 .debug_macro   0x0000000000000000      0x43d build/main.o
 .debug_macro   0x000000000000043d      0xa8a build/main.o
 .debug_macro   0x0000000000000ec7       0xb6 build/main.o
 .debug_macro   0x0000000000000f7d       0x2c build/main.o
 .debug_macro   0x0000000000000fa9       0x28 build/main.o
 .debug_macro   0x0000000000000fd1       0x22 build/main.o
 .debug_macro   0x0000000000000ff3       0x87 build/main.o
 .debug_macro   0x000000000000107a       0x51 build/main.o
 .debug_macro   0x00000000000010cb       0xef build/main.o
 .debug_macro   0x00000000000011ba       0x6a build/main.o
 .debug_macro   0x0000000000001224      0x1df build/main.o
 .debug_macro   0x0000000000001403       0x35 build/main.o
 .debug_macro   0x0000000000001438       0x50 build/main.o
 .debug_macro   0x0000000000001488      0xe66 build/main.o
 .debug_macro   0x00000000000022ee    0x16607 build/main.o
 .debug_macro   0x00000000000188f5       0x43 build/main.o
 .debug_macro   0x0000000000018938     0x3535 build/main.o
 .debug_macro   0x000000000001be6d       0x58 build/main.o
 .debug_macro   0x000000000001bec5       0x17 build/main.o
 .debug_macro   0x000000000001bedc       0x35 build/main.o
 .debug_macro   0x000000000001bf11       0x9c build/main.o
 .debug_macro   0x000000000001bfad       0x16 build/main.o
 .debug_macro   0x000000000001bfc3       0x97 build/main.o
 .debug_macro   0x000000000001c05a      0x330 build/main.o
 .debug_macro   0x000000000001c38a       0xfd build/main.o
 .debug_macro   0x000000000001c487       0x10 build/main.o
 .debug_macro   0x000000000001c497       0x58 build/main.o
 .debug_macro   0x000000000001c4ef       0x1f build/main.o
 .debug_macro   0x000000000001c50e       0x43 build/main.o
 .debug_macro   0x000000000001c551       0x20 build/main.o
 .debug_macro   0x000000000001c571      0x18e build/main.o
 .debug_macro   0x000000000001c6ff       0x10 build/main.o
 .debug_macro   0x000000000001c70f       0x1c build/main.o
 .debug_macro   0x000000000001c72b       0x52 build/main.o
 .debug_macro   0x000000000001c77d       0x40 build/main.o
 .debug_macro   0x000000000001c7bd       0x10 build/main.o
 .debug_macro   0x000000000001c7cd       0x40 build/main.o
 .debug_macro   0x000000000001c80d       0xd7 build/main.o
 .debug_macro   0x000000000001c8e4       0x1c build/main.o
 .debug_macro   0x000000000001c900       0x3d build/main.o
 .debug_macro   0x000000000001c93d       0x16 build/main.o
 .debug_macro   0x000000000001c953      0x16f build/main.o
 .debug_macro   0x000000000001cac2       0x56 build/main.o
 .debug_macro   0x000000000001cb18      0xc90 build/main.o
 .debug_macro   0x000000000001d7a8      0x9e6 build/main.o
 .debug_macro   0x000000000001e18e      0x11e build/main.o
 .debug_macro   0x000000000001e2ac      0x1a0 build/main.o
 .debug_macro   0x000000000001e44c       0x27 build/main.o
 .debug_macro   0x000000000001e473      0x287 build/main.o
 .debug_macro   0x000000000001e6fa       0x5f build/main.o
 .debug_macro   0x000000000001e759      0x23a build/main.o
 .debug_macro   0x000000000001e993      0x391 build/main.o
 .debug_macro   0x000000000001ed24      0x17d build/main.o
 .debug_macro   0x000000000001eea1       0xf9 build/main.o
 .debug_macro   0x000000000001ef9a      0x13a build/main.o
 .debug_macro   0x000000000001f0d4      0x29c build/main.o
 .debug_macro   0x000000000001f370       0x2e build/main.o
 .debug_macro   0x000000000001f39e      0x54a build/main.o
 .debug_macro   0x000000000001f8e8      0x11e build/main.o
 .debug_macro   0x000000000001fa06       0xe8 build/main.o
 .debug_macro   0x000000000001faee       0x89 build/main.o
 .debug_macro   0x000000000001fb77      0x202 build/main.o
 .debug_macro   0x000000000001fd79      0x6e0 build/main.o
 .debug_macro   0x0000000000020459       0x60 build/main.o
 .debug_macro   0x00000000000204b9      0x14d build/main.o
 .debug_macro   0x0000000000020606      0x287 build/main.o
 .debug_macro   0x000000000002088d      0x225 build/main.o
 .debug_macro   0x0000000000020ab2      0x202 build/main.o
 .debug_macro   0x0000000000020cb4       0x34 build/main.o
 .debug_macro   0x0000000000020ce8       0x90 build/main.o
 .debug_macro   0x0000000000020d78      0x11e build/main.o
 .debug_macro   0x0000000000020e96      0x202 build/main.o
 .debug_macro   0x0000000000021098       0x1c build/main.o
 .debug_macro   0x00000000000210b4       0x16 build/main.o
 .debug_macro   0x00000000000210ca       0x35 build/main.o
 .debug_macro   0x00000000000210ff      0x100 build/main.o
 .debug_macro   0x00000000000211ff      0x15a build/main.o
 .debug_macro   0x0000000000021359       0xdd build/main.o
 .debug_macro   0x0000000000021436       0x10 build/main.o
 .debug_macro   0x0000000000021446       0x1f build/main.o
 .debug_macro   0x0000000000021465      0x48d build/main.o
 .debug_macro   0x00000000000218f2       0xb5 build/main.o
 .debug_macro   0x00000000000219a7       0x8c build/main.o
 .debug_macro   0x0000000000021a33       0x86 build/main.o
 .debug_macro   0x0000000000021ab9      0x3f2 build/stm32f4xx_it.o
 .debug_macro   0x0000000000021eab      0x37e build/gpio.o
 .debug_macro   0x0000000000022229       0x3b build/gpio.o
 .debug_macro   0x0000000000022264      0x3f4 build/uart.o
 .debug_macro   0x0000000000022658      0x41a build/encoders.o
 .debug_macro   0x0000000000022a72       0x52 build/encoders.o
 .debug_macro   0x0000000000022ac4       0x8d build/encoders.o
 .debug_macro   0x0000000000022b51      0x174 build/encoders.o
 .debug_macro   0x0000000000022cc5       0x57 build/encoders.o
 .debug_macro   0x0000000000022d1c       0x10 build/encoders.o
 .debug_macro   0x0000000000022d2c      0x100 build/encoders.o
 .debug_macro   0x0000000000022e2c       0x1c build/encoders.o
 .debug_macro   0x0000000000022e48      0x3a3 build/usTimer.o
 .debug_macro   0x00000000000231eb      0x3d7 build/stm32f4xx_hal.o
 .debug_macro   0x00000000000235c2      0x39b build/stm32f4xx_hal_rcc.o
 .debug_macro   0x000000000002395d      0x377 build/stm32f4xx_hal_rcc_ex.o
 .debug_macro   0x0000000000023cd4      0x377 build/stm32f4xx_hal_cortex.o
 .debug_macro   0x000000000002404b      0x38f build/stm32f4xx_hal_pwr_ex.o
 .debug_macro   0x00000000000243da      0x3af build/stm32f4xx_hal_gpio.o
 .debug_macro   0x0000000000024789      0x37e build/stm32f4xx_hal_dma.o
 .debug_macro   0x0000000000024b07      0x377 build/stm32f4xx_hal_tim.o
 .debug_macro   0x0000000000024e7e      0x377 build/stm32f4xx_hal_tim_ex.o
 .debug_macro   0x00000000000251f5      0x378 build/stm32f4xx_hal_uart.o
 .debug_macro   0x000000000002556d      0x37d build/system_stm32f4xx.o
 .debug_macro   0x00000000000258ea      0x17a build/list.o
 .debug_macro   0x0000000000025a64       0x16 build/list.o
 .debug_macro   0x0000000000025a7a      0x10e build/list.o
 .debug_macro   0x0000000000025b88       0x8d build/list.o
 .debug_macro   0x0000000000025c15       0x16 build/list.o
 .debug_macro   0x0000000000025c2b       0x29 build/list.o
 .debug_macro   0x0000000000025c54      0x268 build/tasks.o
 .debug_macro   0x0000000000025ebc       0x91 build/tasks.o
 .debug_macro   0x0000000000025f4d       0x10 build/tasks.o
 .debug_macro   0x0000000000025f5d      0x200 build/queue.o
 .debug_macro   0x000000000002615d      0x1bd build/timers.o
 .debug_macro   0x000000000002631a      0x1a1 build/heap_4.o
 .debug_macro   0x00000000000264bb      0x196 build/port.o
 .debug_macro   0x0000000000026651       0xd9 build/freeRtosUtils.o

.debug_line     0x0000000000000000     0xaa95
 .debug_line    0x0000000000000000      0x77d build/main.o
 .debug_line    0x000000000000077d      0x66f build/stm32f4xx_it.o
 .debug_line    0x0000000000000dec      0x60f build/gpio.o
 .debug_line    0x00000000000013fb      0x737 build/uart.o
 .debug_line    0x0000000000001b32      0x7ad build/encoders.o
 .debug_line    0x00000000000022df      0x641 build/usTimer.o
 .debug_line    0x0000000000002920      0x619 build/stm32f4xx_hal.o
 .debug_line    0x0000000000002f39      0x784 build/stm32f4xx_hal_rcc.o
 .debug_line    0x00000000000036bd      0x941 build/stm32f4xx_hal_rcc_ex.o